<html>
<body>
<pre>
<h1>µVision Build Log</h1>
<h2>Project:</h2>
F:\Code\STM32\Boot\User\Boot.uvproj
Project File Date:  07/18/2016

<h2>Output:</h2>
Build target 'Boot'
linking...
Program Size: Code=17472 RO-data=364 RW-data=592 ZI-data=3328  
FromELF: creating hex file...
After Build - User command #1: fromelf.exe --bin -o ..\Boot.bin  ..\Output\Boot.axf
"..\Output\Boot.axf" - 0 Error(s), 0 Warning(s).
Load "..\\Output\\Boot.axf" 
Full Chip Erase Done.
Programming Done.
Verify OK.
Application running ...
</pre>
</body>
</html>
