<html>
<body>
<pre>
<h1>µVision Build Log</h1>
<h2>Project:</h2>
F:\My_Job\Stm32\Bootload\User\Boot.uvproj
Project File Date:  08/30/2016

<h2>Output:</h2>
Build target 'Boot'
linking...
Program Size: Code=17480 RO-data=364 RW-data=592 ZI-data=3336  
FromELF: creating hex file...
After Build - User command #1: fromelf.exe --bin -o ..\Boot.bin  ..\Output\Boot.axf
"..\Output\Boot.axf" - 0 Error(s), 0 Warning(s).
Load "..\\Output\\Boot.axf" 
Full Chip Erase Done.
Programming Done.
Verify OK.
Application running ...
</pre>
</body>
</html>
piling stm32f10x_fsmc.c...
compiling stm32f10x_gpio.c...
compiling stm32f10x_i2c.c...
compiling stm32f10x_iwdg.c...
compiling stm32f10x_pwr.c...
compiling stm32f10x_rcc.c...
compiling stm32f10x_sdio.c...
compiling stm32f10x_spi.c...
compiling stm32f10x_tim.c...
compiling stm32f10x_usart.c...
compiling stm32f10x_wwdg.c...
assembling startup_stm32f10x_md.s...
compiling core_cm3.c...
compiling system_stm32f10x.c...
compiling Uart.c...
compiling delay.c...
compiling led.c...
compiling AT24CXX.c...
compiling wdg.c...
compiling timer.c...
compiling Init.c...
compiling Format_Data.c...
compiling Crc16.c...
compiling TIM.c...
compiling update.c...
compiling FlashProgram.c...
linking...
Program Size: Code=17480 RO-data=364 RW-data=592 ZI-data=3336  
FromELF: creating hex file...
After Build - User command #1: fromelf.exe --bin -o ..\Boot.bin  ..\Output\Boot.axf
"..\Output\Boot.axf" - 0 Error(s), 0 Warning(s).
Load "..\\Output\\Boot.axf" 
Full Chip Erase Done.
Programming Done.
Verify OK.
Application running ...
Load "..\\Output\\Boot.axf" 
Full Chip Erase Done.
Programming Done.
Verify OK.
Application running ...
