ARM Linker, 5.03 [Build 76] [MDK-ARM Standard]

==============================================================================

Section Cross References

    main.o(.text) refers to init.o(.text) for Haedware_Init
    main.o(.text) refers to format_data.o(.text) for Analysis_Package
    main.o(.text) refers to interface.o(.text) for Jump_Application
    interface.o(.text) refers to at24cxx.o(.text) for I2C_EE_BufferRead
    interface.o(.text) refers to crc16.o(.text) for CHK_Crc16
    interface.o(.text) refers to uart.o(.text) for Enable_485
    interface.o(.text) refers to printfa.o(i.__0printf) for __2printf
    interface.o(.text) refers to init.o(.text) for SoftReset
    interface.o(.text) refers to interface.o(.bss) for .bss
    interface.o(.text) refers to update.o(.bss) for ImageA_Info
    interface.o(.text) refers to update.o(.bss) for ImageB_Info
    stm32f10x_adc.o(.text) refers to stm32f10x_rcc.o(.text) for RCC_APB2PeriphResetCmd
    stm32f10x_bkp.o(.text) refers to stm32f10x_rcc.o(.text) for RCC_BackupResetCmd
    stm32f10x_cec.o(.text) refers to stm32f10x_rcc.o(.text) for RCC_APB1PeriphResetCmd
    stm32f10x_dac.o(.text) refers to stm32f10x_rcc.o(.text) for RCC_APB1PeriphResetCmd
    stm32f10x_gpio.o(.text) refers to stm32f10x_rcc.o(.text) for RCC_APB2PeriphResetCmd
    stm32f10x_i2c.o(.text) refers to stm32f10x_rcc.o(.text) for RCC_APB1PeriphResetCmd
    stm32f10x_pwr.o(.text) refers to stm32f10x_rcc.o(.text) for RCC_APB1PeriphResetCmd
    stm32f10x_rcc.o(.text) refers to stm32f10x_rcc.o(.data) for .data
    stm32f10x_spi.o(.text) refers to stm32f10x_rcc.o(.text) for RCC_APB2PeriphResetCmd
    stm32f10x_tim.o(.text) refers to stm32f10x_rcc.o(.text) for RCC_APB1PeriphResetCmd
    stm32f10x_usart.o(.text) refers to stm32f10x_rcc.o(.text) for RCC_APB2PeriphResetCmd
    stm32f10x_wwdg.o(.text) refers to stm32f10x_rcc.o(.text) for RCC_APB1PeriphResetCmd
    startup_stm32f10x_md.o(RESET) refers to startup_stm32f10x_md.o(STACK) for __initial_sp
    startup_stm32f10x_md.o(RESET) refers to startup_stm32f10x_md.o(.text) for Reset_Handler
    startup_stm32f10x_md.o(RESET) refers to stm32f10x_it.o(.text) for NMI_Handler
    startup_stm32f10x_md.o(RESET) refers to tim.o(.text) for TIM2_IRQHandler
    startup_stm32f10x_md.o(RESET) refers to timer.o(.text) for TIM3_IRQHandler
    startup_stm32f10x_md.o(RESET) refers to uart.o(.text) for USART1_IRQHandler
    startup_stm32f10x_md.o(.text) refers to system_stm32f10x.o(.text) for SystemInit
    startup_stm32f10x_md.o(.text) refers to entry.o(.ARM.Collect$$$$00000000) for __main
    system_stm32f10x.o(.text) refers to system_stm32f10x.o(.data) for .data
    uart.o(.text) refers to stm32f10x_rcc.o(.text) for RCC_APB2PeriphClockCmd
    uart.o(.text) refers to stm32f10x_gpio.o(.text) for GPIO_Init
    uart.o(.text) refers to misc.o(.text) for NVIC_Init
    uart.o(.text) refers to stm32f10x_usart.o(.text) for USART_Init
    uart.o(.text) refers to delay.o(.text) for delay_us
    uart.o(.text) refers to uart.o(.bss) for .bss
    delay.o(.text) refers to misc.o(.text) for SysTick_CLKSourceConfig
    delay.o(.text) refers to system_stm32f10x.o(.data) for SystemCoreClock
    delay.o(.text) refers to delay.o(.data) for .data
    led.o(.text) refers to stm32f10x_rcc.o(.text) for RCC_APB2PeriphClockCmd
    led.o(.text) refers to stm32f10x_gpio.o(.text) for GPIO_Init
    at24cxx.o(.text) refers to stm32f10x_rcc.o(.text) for RCC_APB2PeriphClockCmd
    at24cxx.o(.text) refers to stm32f10x_gpio.o(.text) for GPIO_Init
    at24cxx.o(.text) refers to stm32f10x_i2c.o(.text) for I2C_Cmd
    at24cxx.o(.text) refers to at24cxx.o(.data) for .data
    wdg.o(.text) refers to stm32f10x_iwdg.o(.text) for IWDG_WriteAccessCmd
    timer.o(.text) refers to stm32f10x_rcc.o(.text) for RCC_APB1PeriphClockCmd
    timer.o(.text) refers to stm32f10x_tim.o(.text) for TIM_TimeBaseInit
    timer.o(.text) refers to misc.o(.text) for NVIC_Init
    timer.o(.text) refers to timer.o(.data) for .data
    init.o(.text) refers to uart.o(.text) for USART_Config
    init.o(.text) refers to misc.o(.text) for NVIC_PriorityGroupConfig
    init.o(.text) refers to delay.o(.text) for delay_init
    init.o(.text) refers to at24cxx.o(.text) for AT24CXX_INIT
    init.o(.text) refers to interface.o(.text) for Init_BaseInfo
    init.o(.text) refers to led.o(.text) for LED_Init
    init.o(.text) refers to stm32f10x_rcc.o(.text) for RCC_APB2PeriphClockCmd
    init.o(.text) refers to stm32f10x_gpio.o(.text) for GPIO_Init
    init.o(.text) refers to format_data.o(.text) for Group_dataInfo
    init.o(.text) refers to f2d.o(.text) for __aeabi_f2d
    init.o(.text) refers to printfa.o(i.__0printf) for __2printf
    init.o(.text) refers to memseta.o(.text) for __aeabi_memclr4
    init.o(.text) refers to flashprogram.o(.text) for Get_ImageInfo
    init.o(.text) refers to interface.o(.bss) for Init_Info
[...]
    printf0.o(i.__0vprintf$0) refers to uart.o(.text) for fputc
    printf0.o(i.__0vprintf$0) refers to stdout.o(.data) for __stdout
    printf0.o(i.__0vsnprintf$0) refers to printf0.o(i._printf_core) for _printf_core
    printf0.o(i.__0vsnprintf$0) refers to printf0.o(i._snputc) for _snputc
    printf0.o(i.__0vsprintf$0) refers to printf0.o(i._printf_core) for _printf_core
    printf0.o(i.__0vsprintf$0) refers to printf0.o(i._sputc) for _sputc
    printf1.o(i.__0fprintf$1) refers to printf1.o(i._printf_core) for _printf_core
    printf1.o(i.__0fprintf$1) refers to uart.o(.text) for fputc
    printf1.o(i.__0printf$1) refers to printf1.o(i._printf_core) for _printf_core
    printf1.o(i.__0printf$1) refers to uart.o(.text) for fputc
    printf1.o(i.__0printf$1) refers to stdout.o(.data) for __stdout
    printf1.o(i.__0snprintf$1) refers to printf1.o(i._printf_core) for _printf_core
    printf1.o(i.__0snprintf$1) refers to printf1.o(i._snputc) for _snputc
    printf1.o(i.__0sprintf$1) refers to printf1.o(i._printf_core) for _printf_core
    printf1.o(i.__0sprintf$1) refers to printf1.o(i._sputc) for _sputc
    printf1.o(i.__0vfprintf$1) refers to printf1.o(i._printf_core) for _printf_core
    printf1.o(i.__0vfprintf$1) refers to uart.o(.text) for fputc
    printf1.o(i.__0vprintf$1) refers to printf1.o(i._printf_core) for _printf_core
    printf1.o(i.__0vprintf$1) refers to uart.o(.text) for fputc
    printf1.o(i.__0vprintf$1) refers to stdout.o(.data) for __stdout
    printf1.o(i.__0vsnprintf$1) refers to printf1.o(i._printf_core) for _printf_core
    printf1.o(i.__0vsnprintf$1) refers to printf1.o(i._snputc) for _snputc
    printf1.o(i.__0vsprintf$1) refers to printf1.o(i._printf_core) for _printf_core
    printf1.o(i.__0vsprintf$1) refers to printf1.o(i._sputc) for _sputc
    printf1.o(i._printf_core) refers to uidiv.o(.text) for __aeabi_uidivmod
    printf2.o(i.__0fprintf$2) refers to printf2.o(i._printf_core) for _printf_core
    printf2.o(i.__0fprintf$2) refers to uart.o(.text) for fputc
    printf2.o(i.__0printf$2) refers to printf2.o(i._printf_core) for _printf_core
    printf2.o(i.__0printf$2) refers to uart.o(.text) for fputc
    printf2.o(i.__0printf$2) refers to stdout.o(.data) for __stdout
    printf2.o(i.__0snprintf$2) refers to printf2.o(i._printf_core) for _printf_core
    printf2.o(i.__0snprintf$2) refers to printf2.o(i._snputc) for _snputc
    printf2.o(i.__0sprintf$2) refers to printf2.o(i._printf_core) for _printf_core
    printf2.o(i.__0sprintf$2) refers to printf2.o(i._sputc) for _sputc
    printf2.o(i.__0vfprintf$2) refers to printf2.o(i._printf_core) for _printf_core
    printf2.o(i.__0vfprintf$2) refers to uart.o(.text) for fputc
    printf2.o(i.__0vprintf$2) refers to printf2.o(i._printf_core) for _printf_core
    printf2.o(i.__0vprintf$2) refers to uart.o(.text) for fputc
    printf2.o(i.__0vprintf$2) refers to stdout.o(.data) for __stdout
    printf2.o(i.__0vsnprintf$2) refers to printf2.o(i._printf_core) for _printf_core
    printf2.o(i.__0vsnprintf$2) refers to printf2.o(i._snputc) for _snputc
    printf2.o(i.__0vsprintf$2) refers to printf2.o(i._printf_core) for _printf_core
    printf2.o(i.__0vsprintf$2) refers to printf2.o(i._sputc) for _sputc
    printf3.o(i.__0fprintf$3) refers to printf3.o(i._printf_core) for _printf_core
    printf3.o(i.__0fprintf$3) refers to uart.o(.text) for fputc
    printf3.o(i.__0printf$3) refers to printf3.o(i._printf_core) for _printf_core
    printf3.o(i.__0printf$3) refers to uart.o(.text) for fputc
    printf3.o(i.__0printf$3) refers to stdout.o(.data) for __stdout
    printf3.o(i.__0snprintf$3) refers to printf3.o(i._printf_core) for _printf_core
    printf3.o(i.__0snprintf$3) refers to printf3.o(i._snputc) for _snputc
    printf3.o(i.__0sprintf$3) refers to printf3.o(i._printf_core) for _printf_core
    printf3.o(i.__0sprintf$3) refers to printf3.o(i._sputc) for _sputc
    printf3.o(i.__0vfprintf$3) refers to printf3.o(i._printf_core) for _printf_core
    printf3.o(i.__0vfprintf$3) refers to uart.o(.text) for fputc
    printf3.o(i.__0vprintf$3) refers to printf3.o(i._printf_core) for _printf_core
    printf3.o(i.__0vprintf$3) refers to uart.o(.text) for fputc
    printf3.o(i.__0vprintf$3) refers to stdout.o(.data) for __stdout
    printf3.o(i.__0vsnprintf$3) refers to printf3.o(i._printf_core) for _printf_core
    printf3.o(i.__0vsnprintf$3) refers to printf3.o(i._snputc) for _snputc
    printf3.o(i.__0vsprintf$3) refers to printf3.o(i._printf_core) for _printf_core
    printf3.o(i.__0vsprintf$3) refers to printf3.o(i._sputc) for _sputc
    printf3.o(i._printf_core) refers to uidiv.o(.text) for __aeabi_uidivmod
    printf4.o(i.__0fprintf$4) refers to printf4.o(i._printf_core) for _printf_core
    printf4.o(i.__0fprintf$4) refers to uart.o(.text) for fputc
    printf4.o(i.__0printf$4) refers to printf4.o(i._printf_core) for _printf_core
    printf4.o(i.__0printf$4) refers to uart.o(.text) for fputc
    printf4.o(i.__0printf$4) refers to stdout.o(.data) for __stdout
    printf4.o(i.__0snprintf$4) refers to printf4.o(i._printf_core) for _printf_core
    printf4.o(i.__0snprintf$4) refers to printf4.o(i._snputc) for _snputc
    printf4.o(i.__0sprintf$4) refers to printf4.o(i._printf_core) for _printf_core
    printf4.o(i.__0sprintf$4) refers to printf4.o(i._sputc) for _sputc
    printf4.o(i.__0vfprintf$4) refers to printf4.o(i._printf_core) for _printf_core
    printf4.o(i.__0vfprintf$4) refers to uart.o(.text) for fputc
    printf4.o(i.__0vprintf$4) refers to printf4.o(i._printf_core) for _printf_core
    printf4.o(i.__0vprintf$4) refers to uart.o(.text) for fputc
    printf4.o(i.__0vprintf$4) refers to stdout.o(.data) for __stdout
    printf4.o(i.__0vsnprintf$4) refers to printf4.o(i._printf_core) for _printf_core
    printf4.o(i.__0vsnprintf$4) refers to printf4.o(i._snputc) for _snputc
    printf4.o(i.__0vsprintf$4) refers to printf4.o(i._printf_core) for _printf_core
    printf4.o(i.__0vsprintf$4) refers to printf4.o(i._sputc) for _sputc
    printf4.o(i._printf_core) refers to uldiv.o(.text) for __aeabi_uldivmod
    printf5.o(i.__0fprintf$5) refers to printf5.o(i._printf_core) for _printf_core
    printf5.o(i.__0fprintf$5) refers to uart.o(.text) for fputc
    printf5.o(i.__0printf$5) refers to printf5.o(i._printf_core) for _printf_core
    printf5.o(i.__0printf$5) refers to uart.o(.text) for fputc
    printf5.o(i.__0printf$5) refers to stdout.o(.data) for __stdout
    printf5.o(i.__0snprintf$5) refers to printf5.o(i._printf_core) for _printf_core
    printf5.o(i.__0snprintf$5) refers to printf5.o(i._snputc) for _snputc
    printf5.o(i.__0sprintf$5) refers to printf5.o(i._printf_core) for _printf_core
    printf5.o(i.__0sprintf$5) refers to printf5.o(i._sputc) for _sputc
    printf5.o(i.__0vfprintf$5) refers to printf5.o(i._printf_core) for _printf_core
    printf5.o(i.__0vfprintf$5) refers to uart.o(.text) for fputc
    printf5.o(i.__0vprintf$5) refers to printf5.o(i._printf_core) for _printf_core
    printf5.o(i.__0vprintf$5) refers to uart.o(.text) for fputc
    printf5.o(i.__0vprintf$5) refers to stdout.o(.data) for __stdout
    printf5.o(i.__0vsnprintf$5) refers to printf5.o(i._printf_core) for _printf_core
    printf5.o(i.__0vsnprintf$5) refers to printf5.o(i._snputc) for _snputc
    printf5.o(i.__0vsprintf$5) refers to printf5.o(i._printf_core) for _printf_core
    printf5.o(i.__0vsprintf$5) refers to printf5.o(i._sputc) for _sputc
    printf5.o(i._printf_core) refers to uldiv.o(.text) for __aeabi_uldivmod
    printf6.o(i.__0fprintf$6) refers to printf6.o(i._printf_core) for _printf_core
    printf6.o(i.__0fprintf$6) refers to uart.o(.text) for fputc
    printf6.o(i.__0printf$6) refers to printf6.o(i._printf_core) for _printf_core
    printf6.o(i.__0printf$6) refers to uart.o(.text) for fputc
    printf6.o(i.__0printf$6) refers to stdout.o(.data) for __stdout
    printf6.o(i.__0snprintf$6) refers to printf6.o(i._printf_core) for _printf_core
    printf6.o(i.__0snprintf$6) refers to printf6.o(i._snputc) for _snputc
    printf6.o(i.__0sprintf$6) refers to printf6.o(i._printf_core) for _printf_core
    printf6.o(i.__0sprintf$6) refers to printf6.o(i._sputc) for _sputc
    printf6.o(i.__0vfprintf$6) refers to printf6.o(i._printf_core) for _printf_core
    printf6.o(i.__0vfprintf$6) refers to uart.o(.text) for fputc
    printf6.o(i.__0vprintf$6) refers to printf6.o(i._printf_core) for _printf_core
    printf6.o(i.__0vprintf$6) refers to uart.o(.text) for fputc
    printf6.o(i.__0vprintf$6) refers to stdout.o(.data) for __stdout
    printf6.o(i.__0vsnprintf$6) refers to printf6.o(i._printf_core) for _printf_core
    printf6.o(i.__0vsnprintf$6) refers to printf6.o(i._snputc) for _snputc
    printf6.o(i.__0vsprintf$6) refers to printf6.o(i._printf_core) for _printf_core
    printf6.o(i.__0vsprintf$6) refers to printf6.o(i._sputc) for _sputc
    printf6.o(i._printf_core) refers to printf6.o(i._printf_pre_padding) for _printf_pre_padding
    printf6.o(i._printf_core) refers to uidiv.o(.text) for __aeabi_uidivmod
    printf6.o(i._printf_core) refers to printf6.o(i._printf_post_padding) for _printf_post_padding
    printf7.o(i.__0fprintf$7) refers to printf7.o(i._printf_core) for _printf_core
    printf7.o(i.__0fprintf$7) refers to uart.o(.text) for fputc
    printf7.o(i.__0printf$7) refers to printf7.o(i._printf_core) for _printf_core
    printf7.o(i.__0printf$7) refers to uart.o(.text) for fputc
    printf7.o(i.__0printf$7) refers to stdout.o(.data) for __stdout
    printf7.o(i.__0snprintf$7) refers to printf7.o(i._printf_core) for _printf_core
    printf7.o(i.__0snprintf$7) refers to printf7.o(i._snputc) for _snputc
    printf7.o(i.__0sprintf$7) refers to printf7.o(i._printf_core) for _printf_core
    printf7.o(i.__0sprintf$7) refers to printf7.o(i._sputc) for _sputc
    printf7.o(i.__0vfprintf$7) refers to printf7.o(i._printf_core) for _printf_core
    printf7.o(i.__0vfprintf$7) refers to uart.o(.text) for fputc
    printf7.o(i.__0vprintf$7) refers to printf7.o(i._printf_core) for _printf_core
    printf7.o(i.__0vprintf$7) refers to uart.o(.text) for fputc
    printf7.o(i.__0vprintf$7) refers to stdout.o(.data) for __stdout
    printf7.o(i.__0vsnprintf$7) refers to printf7.o(i._printf_core) for _printf_core
    printf7.o(i.__0vsnprintf$7) refers to printf7.o(i._snputc) for _snputc
    printf7.o(i.__0vsprintf$7) refers to printf7.o(i._printf_core) for _printf_core
    printf7.o(i.__0vsprintf$7) refers to printf7.o(i._sputc) for _sputc
    printf7.o(i._printf_core) refers to printf7.o(i._printf_pre_padding) for _printf_pre_padding
    printf7.o(i._printf_core) refers to uldiv.o(.text) for __aeabi_uldivmod
    printf7.o(i._printf_core) refers to printf7.o(i._printf_post_padding) for _printf_post_padding
    printf8.o(i.__0fprintf$8) refers to printf8.o(i._printf_core) for _printf_core
    printf8.o(i.__0fprintf$8) refers to uart.o(.text) for fputc
    printf8.o(i.__0printf$8) refers to printf8.o(i._printf_core) for _printf_core
    printf8.o(i.__0printf$8) refers to uart.o(.text) for fputc
    printf8.o(i.__0printf$8) refers to stdout.o(.data) for __stdout
    printf8.o(i.__0snprintf$8) refers to printf8.o(i._printf_core) for _printf_core
    printf8.o(i.__0snprintf$8) refers to printf8.o(i._snputc) for _snputc
    printf8.o(i.__0sprintf$8) refers to printf8.o(i._printf_core) for _printf_core
    printf8.o(i.__0sprintf$8) refers to printf8.o(i._sputc) for _sputc
    printf8.o(i.__0vfprintf$8) refers to printf8.o(i._printf_core) for _printf_core
    printf8.o(i.__0vfprintf$8) refers to uart.o(.text) for fputc
    printf8.o(i.__0vprintf$8) refers to printf8.o(i._printf_core) for _printf_core
    printf8.o(i.__0vprintf$8) refers to uart.o(.text) for fputc
    printf8.o(i.__0vprintf$8) refers to stdout.o(.data) for __stdout
    printf8.o(i.__0vsnprintf$8) refers to printf8.o(i._printf_core) for _printf_core
    printf8.o(i.__0vsnprintf$8) refers to printf8.o(i._snputc) for _snputc
    printf8.o(i.__0vsprintf$8) refers to printf8.o(i._printf_core) for _printf_core
    printf8.o(i.__0vsprintf$8) refers to printf8.o(i._sputc) for _sputc
    printf8.o(i._printf_core) refers to printf8.o(i._printf_pre_padding) for _printf_pre_padding
    printf8.o(i._printf_core) refers to uldiv.o(.text) for __aeabi_uldivmod
    printf8.o(i._printf_core) refers to printf8.o(i._printf_post_padding) for _printf_post_padding
    printfa.o(i.__0fprintf) refers (Special) to iusefp.o(.text) for __I$use$fp
    printfa.o(i.__0fprintf) refers to printfa.o(i._printf_core) for _printf_core
    printfa.o(i.__0fprintf) refers to uart.o(.text) for fputc
    printfa.o(i.__0printf) refers (Special) to iusefp.o(.text) for __I$use$fp
    printfa.o(i.__0printf) refers to printfa.o(i._printf_core) for _printf_core
    printfa.o(i.__0printf) refers to uart.o(.text) for fputc
    printfa.o(i.__0printf) refers to stdout.o(.data) for __stdout
    printfa.o(i.__0snprintf) refers (Special) to iusefp.o(.text) for __I$use$fp
    printfa.o(i.__0snprintf) refers to printfa.o(i._printf_core) for _printf_core
    printfa.o(i.__0snprintf) refers to printfa.o(i._snputc) for _snputc
    printfa.o(i.__0sprintf) refers (Special) to iusefp.o(.text) for __I$use$fp
    printfa.o(i.__0sprintf) refers to printfa.o(i._printf_core) for _printf_core
    printfa.o(i.__0sprintf) refers to printfa.o(i._sputc) for _sputc
    printfa.o(i.__0vfprintf) refers (Special) to iusefp.o(.text) for __I$use$fp
    printfa.o(i.__0vfprintf) refers to printfa.o(i._printf_core) for _printf_core
    printfa.o(i.__0vfprintf) refers to uart.o(.text) for fputc
    printfa.o(i.__0vprintf) refers (Special) to iusefp.o(.text) for __I$use$fp
    printfa.o(i.__0vprintf) refers to printfa.o(i._printf_core) for _printf_core
    printfa.o(i.__0vprintf) refers to uart.o(.text) for fputc
    printfa.o(i.__0vprintf) refers to stdout.o(.data) for __stdout
    printfa.o(i.__0vsnprintf) refers (Special) to iusefp.o(.text) for __I$use$fp
    printfa.o(i.__0vsnprintf) refers to printfa.o(i._printf_core) for _printf_core
    printfa.o(i.__0vsnprintf) refers to printfa.o(i._snputc) for _snputc
    printfa.o(i.__0vsprintf) refers (Special) to iusefp.o(.text) for __I$use$fp
    printfa.o(i.__0vsprintf) refers to printfa.o(i._printf_core) for _printf_core
    printfa.o(i.__0vsprintf) refers to printfa.o(i._sputc) for _sputc
    printfa.o(i._fp_digits) refers (Special) to iusefp.o(.text) for __I$use$fp
    printfa.o(i._fp_digits) refers to dmul.o(.text) for __aeabi_dmul
    printfa.o(i._fp_digits) refers to ddiv.o(.text) for __aeabi_ddiv
    printfa.o(i._fp_digits) refers to cdrcmple.o(.text) for __aeabi_cdrcmple
    printfa.o(i._fp_digits) refers to dadd.o(.text) for __aeabi_dadd
    printfa.o(i._fp_digits) refers to dfixul.o(.text) for __aeabi_d2ulz
    printfa.o(i._fp_digits) refers to uldiv.o(.text) for __aeabi_uldivmod
    printfa.o(i._printf_core) refers (Special) to iusefp.o(.text) for __I$use$fp
    printfa.o(i._printf_core) refers to printfa.o(i._printf_pre_padding) for _printf_pre_padding
    printfa.o(i._printf_core) refers to uldiv.o(.text) for __aeabi_uldivmod
    printfa.o(i._printf_core) refers to printfa.o(i._printf_post_padding) for _printf_post_padding
    printfa.o(i._printf_core) refers to printfa.o(i._fp_digits) for _fp_digits
    printfa.o(i._printf_core) refers to uidiv.o(.text) for __aeabi_uidivmod
    printfa.o(i._printf_post_padding) refers (Special) to iusefp.o(.text) for __I$use$fp
    printfa.o(i._printf_pre_padding) refers (Special) to iusefp.o(.text) for __I$use$fp
    printfa.o(i._snputc) refers (Special) to iusefp.o(.text) for __I$use$fp
    printfa.o(i._sputc) refers (Special) to iusefp.o(.text) for __I$use$fp
    f2d.o(.text) refers (Special) to iusefp.o(.text) for __I$use$fp
    entry2.o(.ARM.Collect$$$$00000001) refers to entry2.o(.ARM.Collect$$$$00002712) for __lit__00000000
    entry2.o(.ARM.Collect$$$$00002712) refers to startup_stm32f10x_md.o(STACK) for __initial_sp
    entry2.o(__vectab_stack_and_reset_area) refers to startup_stm32f10x_md.o(STACK) for __initial_sp
    entry2.o(__vectab_stack_and_reset_area) refers to entry.o(.ARM.Collect$$$$00000000) for __main
    entry5.o(.ARM.Collect$$$$00000004) refers to init.o(.text) for __scatterload
    entry9a.o(.ARM.Collect$$$$0000000B) refers to main.o(.text) for main
    entry9b.o(.ARM.Collect$$$$0000000C) refers to main.o(.text) for main
    uldiv.o(.text) refers to llushr.o(.text) for __aeabi_llsr
    uldiv.o(.text) refers to llshl.o(.text) for __aeabi_llsl
    dadd.o(.text) refers to llshl.o(.text) for __aeabi_llsl
    dadd.o(.text) refers to llsshr.o(.text) for __aeabi_lasr
    dadd.o(.text) refers to depilogue.o(.text) for _double_epilogue
    dmul.o(.text) refers to depilogue.o(.text) for _double_epilogue
    ddiv.o(.text) refers to depilogue.o(.text) for _double_round
    dfixul.o(.text) refers to llushr.o(.text) for __aeabi_llsr
    dfixul.o(.text) refers to llshl.o(.text) for __aeabi_llsl
    init.o(.text) refers to entry5.o(.ARM.Collect$$$$00000004) for __main_after_scatterload
    depilogue.o(.text) refers to llshl.o(.text) for __aeabi_llsl
    depilogue.o(.text) refers to llushr.o(.text) for __aeabi_llsr


==============================================================================

Removing Unused input sections from the image.

    Removing stm32f10x_adc.o(.text), (816 bytes).
    Removing stm32f10x_bkp.o(.text), (152 bytes).
    Removing stm32f10x_cec.o(.text), (252 bytes).
    Removing stm32f10x_crc.o(.text), (64 bytes).
    Removing stm32f10x_dac.o(.text), (252 bytes).
    Removing stm32f10x_dbgmcu.o(.text), (40 bytes).
    Removing stm32f10x_dma.o(.text), (456 bytes).
    Removing stm32f10x_exti.o(.text), (232 bytes).
    Removing stm32f10x_fsmc.o(.text), (1122 bytes).
    Removing stm32f10x_iwdg.o(.text), (60 bytes).
    Removing stm32f10x_pwr.o(.text), (172 bytes).
    Removing stm32f10x_sdio.o(.text), (428 bytes).
    Removing stm32f10x_spi.o(.text), (628 bytes).
    Removing stm32f10x_wwdg.o(.text), (120 bytes).
    Removing startup_stm32f10x_md.o(HEAP), (512 bytes).
    Removing core_cm3.o(.emb_text), (32 bytes).
    Removing wdg.o(.text), (42 bytes).

17 unused section(s) (total 5380 bytes) removed from the image.

==============================================================================

Image Symbol Table

    Local Symbols

    Symbol Name                              Value     Ov Type        Size  Object(Section)

    ../clib/../cmprslib/zerorunl2.c          0x00000000   Number         0  __dczerorl2.o ABSOLUTE
    ../clib/microlib/division.c              0x00000000   Number         0  uldiv.o ABSOLUTE
    ../clib/microlib/division.c              0x00000000   Number         0  uidiv.o ABSOLUTE
    ../clib/microlib/init/entry.s            0x00000000   Number         0  entry8b.o ABSOLUTE
    ../clib/microlib/init/entry.s            0x00000000   Number         0  entry5.o ABSOLUTE
    ../clib/microlib/init/entry.s            0x00000000   Number         0  entry2.o ABSOLUTE
    ../clib/microlib/init/entry.s            0x00000000   Number         0  entry.o ABSOLUTE
    ../clib/microlib/init/entry.s            0x00000000   Number         0  entry9a.o ABSOLUTE
    ../clib/microlib/init/entry.s            0x00000000   Number         0  entry11b.o ABSOLUTE
    ../clib/microlib/init/entry.s            0x00000000   Number         0  entry11a.o ABSOLUTE
    ../clib/microlib/init/entry.s            0x00000000   Number         0  entry10b.o ABSOLUTE
    ../clib/microlib/init/entry.s            0x00000000   Number         0  entry10a.o ABSOLUTE
    ../clib/microlib/init/entry.s            0x00000000   Number         0  entry9b.o ABSOLUTE
    ../clib/microlib/init/entry.s            0x00000000   Number         0  entry7a.o ABSOLUTE
    ../clib/microlib/init/entry.s            0x00000000   Number         0  entry7b.o ABSOLUTE
    ../clib/microlib/init/entry.s            0x00000000   Number         0  entry8a.o ABSOLUTE
    ../clib/microlib/longlong.c              0x00000000   Number         0  llsshr.o ABSOLUTE
    ../clib/microlib/longlong.c              0x00000000   Number         0  llushr.o ABSOLUTE
    ../clib/microlib/longlong.c              0x00000000   Number         0  llshl.o ABSOLUTE
    ../clib/microlib/printf/printf.c         0x00000000   Number         0  printf2.o ABSOLUTE
    ../clib/microlib/printf/printf.c         0x00000000   Number         0  printf3.o ABSOLUTE
    ../clib/microlib/printf/printf.c         0x00000000   Number         0  printf4.o ABSOLUTE
    ../clib/microlib/printf/printf.c         0x00000000   Number         0  printf5.o ABSOLUTE
    ../clib/microlib/printf/printf.c         0x00000000   Number         0  printf6.o ABSOLUTE
    ../clib/microlib/printf/printf.c         0x00000000   Number         0  printf7.o ABSOLUTE
    ../clib/microlib/printf/printf.c         0x00000000   Number         0  printfa.o ABSOLUTE
    ../clib/microlib/printf/printf.c         0x00000000   Number         0  printf8.o ABSOLUTE
    ../clib/microlib/printf/printf.c         0x00000000   Number         0  printf0.o ABSOLUTE
    ../clib/microlib/printf/printf.c         0x00000000   Number         0  printfb.o ABSOLUTE
    ../clib/microlib/printf/printf.c         0x00000000   Number         0  printf1.o ABSOLUTE
    ../clib/microlib/printf/stubs.s          0x00000000   Number         0  stubs.o ABSOLUTE
    ../clib/microlib/stdio/streams.c         0x00000000   Number         0  stdout.o ABSOLUTE
    ../clib/microlib/string/memset.c         0x00000000   Number         0  memseta.o ABSOLUTE
    ../clib/microlib/stubs.s                 0x00000000   Number         0  iusefp.o ABSOLUTE
    ../fplib/microlib/f2d.c                  0x00000000   Number         0  f2d.o ABSOLUTE
    ../fplib/microlib/fpadd.c                0x00000000   Number         0  dadd.o ABSOLUTE
    ../fplib/microlib/fpdiv.c                0x00000000   Number         0  ddiv.o ABSOLUTE
    ../fplib/microlib/fpepilogue.c           0x00000000   Number         0  depilogue.o ABSOLUTE
    ../fplib/microlib/fpfix.c                0x00000000   Number         0  dfixul.o ABSOLUTE
    ../fplib/microlib/fpmul.c                0x00000000   Number         0  dmul.o ABSOLUTE
    ..\CMSIS\core_cm3.c                      0x00000000   Number         0  core_cm3.o ABSOLUTE
    ..\CMSIS\startup\startup_stm32f10x_md.s  0x00000000   Number         0  startup_stm32f10x_md.o ABSOLUTE
    ..\CMSIS\system_stm32f10x.c              0x00000000   Number         0  system_stm32f10x.o ABSOLUTE
    ..\Hardware\AT24CXX\AT24CXX.c            0x00000000   Number         0  at24cxx.o ABSOLUTE
    ..\Hardware\Delay\delay.c                0x00000000   Number         0  delay.o ABSOLUTE
    ..\Hardware\LED\led.c                    0x00000000   Number         0  led.o ABSOLUTE
    ..\Hardware\TIMER\timer.c                0x00000000   Number         0  timer.o ABSOLUTE
    ..\Hardware\Uart\Uart.c                  0x00000000   Number         0  uart.o ABSOLUTE
    ..\Hardware\WDG\wdg.c                    0x00000000   Number         0  wdg.o ABSOLUTE
    ..\Lib\src\misc.c                        0x00000000   Number         0  misc.o ABSOLUTE
    ..\Lib\src\stm32f10x_adc.c               0x00000000   Number         0  stm32f10x_adc.o ABSOLUTE
    ..\Lib\src\stm32f10x_bkp.c               0x00000000   Number         0  stm32f10x_bkp.o ABSOLUTE
    ..\Lib\src\stm32f10x_cec.c               0x00000000   Number         0  stm32f10x_cec.o ABSOLUTE
    ..\Lib\src\stm32f10x_crc.c               0x00000000   Number         0  stm32f10x_crc.o ABSOLUTE
    ..\Lib\src\stm32f10x_dac.c               0x00000000   Number         0  stm32f10x_dac.o ABSOLUTE
    ..\Lib\src\stm32f10x_dbgmcu.c            0x00000000   Number         0  stm32f10x_dbgmcu.o ABSOLUTE
    ..\Lib\src\stm32f10x_dma.c               0x00000000   Number         0  stm32f10x_dma.o ABSOLUTE
    ..\Lib\src\stm32f10x_exti.c              0x00000000   Number         0  stm32f10x_exti.o ABSOLUTE
    ..\Lib\src\stm32f10x_flash.c             0x00000000   Number         0  stm32f10x_flash.o ABSOLUTE
    ..\Lib\src\stm32f10x_fsmc.c              0x00000000   Number         0  stm32f10x_fsmc.o ABSOLUTE
    ..\Lib\src\stm32f10x_gpio.c              0x00000000   Number         0  stm32f10x_gpio.o ABSOLUTE
    ..\Lib\src\stm32f10x_i2c.c               0x00000000   Number         0  stm32f10x_i2c.o ABSOLUTE
    ..\Lib\src\stm32f10x_iwdg.c              0x00000000   Number         0  stm32f10x_iwdg.o ABSOLUTE
    ..\Lib\src\stm32f10x_pwr.c               0x00000000   Number         0  stm32f10x_pwr.o ABSOLUTE
    ..\Lib\src\stm32f10x_rcc.c               0x00000000   Number         0  stm32f10x_rcc.o ABSOLUTE
    ..\Lib\src\stm32f10x_sdio.c              0x00000000   Number         0  stm32f10x_sdio.o ABSOLUTE
    ..\Lib\src\stm32f10x_spi.c               0x00000000   Number         0  stm32f10x_spi.o ABSOLUTE
    ..\Lib\src\stm32f10x_tim.c               0x00000000   Number         0  stm32f10x_tim.o ABSOLUTE
    ..\Lib\src\stm32f10x_usart.c             0x00000000   Number         0  stm32f10x_usart.o ABSOLUTE
    ..\Lib\src\stm32f10x_wwdg.c              0x00000000   Number         0  stm32f10x_wwdg.o ABSOLUTE
    ..\Software\Crc16\Crc16.c                0x00000000   Number         0  crc16.o ABSOLUTE
    ..\Software\Format\Format_Data.c         0x00000000   Number         0  format_data.o ABSOLUTE
    ..\Software\Init\Init.c                  0x00000000   Number         0  init.o ABSOLUTE
    ..\Software\TIM\TIM.c                    0x00000000   Number         0  tim.o ABSOLUTE
    ..\Software\Update\FlashProgram.c        0x00000000   Number         0  flashprogram.o ABSOLUTE
    ..\Software\Update\update.c              0x00000000   Number         0  update.o ABSOLUTE
    ..\\CMSIS\\core_cm3.c                    0x00000000   Number         0  core_cm3.o ABSOLUTE
    Interface.c                              0x00000000   Number         0  interface.o ABSOLUTE
    cdrcmple.s                               0x00000000   Number         0  cdrcmple.o ABSOLUTE
    dc.s                                     0x00000000   Number         0  dc.o ABSOLUTE
    handlers.s                               0x00000000   Number         0  handlers.o ABSOLUTE
    init.s                                   0x00000000   Number         0  init.o ABSOLUTE
    main.c                                   0x00000000   Number         0  main.o ABSOLUTE
    stm32f10x_it.c                           0x00000000   Number         0  stm32f10x_it.o ABSOLUTE
    RESET                                    0x08000000   Section      236  startup_stm32f10x_md.o(RESET)
    .ARM.Collect$$$$00000000                 0x080000ec   Section        0  entry.o(.ARM.Collect$$$$00000000)
    .ARM.Collect$$$$00000001                 0x080000ec   Section        4  entry2.o(.ARM.Collect$$$$00000001)
    .ARM.Collect$$$$00000004                 0x080000f0   Section        4  entry5.o(.ARM.Collect$$$$00000004)
    .ARM.Collect$$$$00000008                 0x080000f4   Section        0  entry7b.o(.ARM.Collect$$$$00000008)
    .ARM.Collect$$$$0000000A                 0x080000f4   Section        0  entry8b.o(.ARM.Collect$$$$0000000A)
    .ARM.Collect$$$$0000000B                 0x080000f4   Section        8  entry9a.o(.ARM.Collect$$$$0000000B)
    .ARM.Collect$$$$0000000D                 0x080000fc   Section        0  entry10a.o(.ARM.Collect$$$$0000000D)
    .ARM.Collect$$$$0000000F                 0x080000fc   Section        0  entry11a.o(.ARM.Collect$$$$0000000F)
    .ARM.Collect$$$$00002712                 0x080000fc   Section        4  entry2.o(.ARM.Collect$$$$00002712)
    __lit__00000000                          0x080000fc   Data           4  entry2.o(.ARM.Collect$$$$00002712)
    .text                                    0x08000100   Section        0  main.o(.text)
    .text                                    0x08000124   Section        0  stm32f10x_it.o(.text)
    .text                                    0x08000138   Section        0  interface.o(.text)
    .text                                    0x080002f0   Section        0  misc.o(.text)
    .text                                    0x080003a0   Section        0  stm32f10x_flash.o(.text)
    .text                                    0x08000820   Section        0  stm32f10x_gpio.o(.text)
    .text                                    0x08000a80   Section        0  stm32f10x_i2c.o(.text)
    .text                                    0x08000da4   Section        0  stm32f10x_rcc.o(.text)
    .text                                    0x0800105c   Section        0  stm32f10x_tim.o(.text)
    TI2_Config                               0x080013ef   Thumb Code   166  stm32f10x_tim.o(.text)
    TI1_Config                               0x080014a5   Thumb Code    88  stm32f10x_tim.o(.text)
    .text                                    0x08001b4c   Section        0  stm32f10x_usart.o(.text)
    .text                                    0x08001e7c   Section       36  startup_stm32f10x_md.o(.text)
    .text                                    0x08001ea0   Section        0  system_stm32f10x.o(.text)
    SetSysClockTo72                          0x08001ea1   Thumb Code   160  system_stm32f10x.o(.text)
    .text                                    0x08001ff8   Section        0  uart.o(.text)
    WriteBuffer                              0x08002255   Thumb Code   108  uart.o(.text)
    BufferRead                               0x0800241b   Thumb Code    94  uart.o(.text)
    .text                                    0x08002484   Section        0  delay.o(.text)
    .text                                    0x0800251c   Section        0  led.o(.text)
    .text                                    0x08002550   Section        0  at24cxx.o(.text)
    .text                                    0x080028f0   Section        0  timer.o(.text)
    .text                                    0x08002978   Section        0  init.o(.text)
    .text                                    0x08002a74   Section        0  format_data.o(.text)
    .text                                    0x08002ef0   Section        0  crc16.o(.text)
    .text                                    0x08002f54   Section        0  tim.o(.text)
    .text                                    0x08003094   Section        0  update.o(.text)
    Recv_pkg                                 0x08003095   Thumb Code   330  update.o(.text)
    .text                                    0x08003368   Section        0  flashprogram.o(.text)
    .text                                    0x08003670   Section        0  memseta.o(.text)
    .text                                    0x08003694   Section        0  f2d.o(.text)
    .text                                    0x080036ba   Section        0  uidiv.o(.text)
    .text                                    0x080036e6   Section        0  uldiv.o(.text)
    .text                                    0x08003748   Section        0  iusefp.o(.text)
    .text                                    0x08003748   Section        0  dadd.o(.text)
    .text                                    0x08003896   Section        0  dmul.o(.text)
    .text                                    0x0800397a   Section        0  ddiv.o(.text)
    .text                                    0x08003a58   Section        0  dfixul.o(.text)
    .text                                    0x08003a88   Section       40  cdrcmple.o(.text)
    .text                                    0x08003ab0   Section       36  init.o(.text)
    .text                                    0x08003ad4   Section        0  llshl.o(.text)
    .text                                    0x08003af2   Section        0  llushr.o(.text)
    .text                                    0x08003b12   Section        0  llsshr.o(.text)
    .text                                    0x08003b36   Section        0  depilogue.o(.text)
    .text                                    0x08003bf4   Section        0  __dczerorl2.o(.text)
    i.__0printf                              0x08003c50   Section        0  printfa.o(i.__0printf)
    i.__scatterload_copy                     0x08003c70   Section       14  handlers.o(i.__scatterload_copy)
    i.__scatterload_null                     0x08003c7e   Section        2  handlers.o(i.__scatterload_null)
    i.__scatterload_zeroinit                 0x08003c80   Section       14  handlers.o(i.__scatterload_zeroinit)
    i._fp_digits                             0x08003c90   Section        0  printfa.o(i._fp_digits)
    _fp_digits                               0x08003c91   Thumb Code   326  printfa.o(i._fp_digits)
    i._printf_core                           0x08003dec   Section        0  printfa.o(i._printf_core)
    _printf_core                             0x08003ded   Thumb Code  1762  printfa.o(i._printf_core)
    i._printf_post_padding                   0x080044dc   Section        0  printfa.o(i._printf_post_padding)
    _printf_post_padding                     0x080044dd   Thumb Code    38  printfa.o(i._printf_post_padding)
    i._printf_pre_padding                    0x08004502   Section        0  printfa.o(i._printf_pre_padding)
    _printf_pre_padding                      0x08004503   Thumb Code    48  printfa.o(i._printf_pre_padding)
    .constdata                               0x08004534   Section       74  init.o(.constdata)
    .constdata                               0x0800457e   Section       21  update.o(.constdata)
    __func__                                 0x0800457e   Data          21  update.o(.constdata)
    .data                                    0x20000000   Section       20  stm32f10x_rcc.o(.data)
    ADCPrescTable                            0x20000000   Data           4  stm32f10x_rcc.o(.data)
    APBAHBPrescTable                         0x20000004   Data          16  stm32f10x_rcc.o(.data)
    .data                                    0x20000014   Section       20  system_stm32f10x.o(.data)
    .data                                    0x20000028   Section        4  delay.o(.data)
    fac_us                                   0x20000028   Data           1  delay.o(.data)
    fac_ms                                   0x2000002a   Data           2  delay.o(.data)
    .data                                    0x2000002c   Section        8  at24cxx.o(.data)
    .data                                    0x20000034   Section        2  timer.o(.data)
    .data                                    0x20000036   Section      512  crc16.o(.data)
    .data                                    0x20000238   Section        8  tim.o(.data)
    CNT                                      0x20000238   Data           2  tim.o(.data)
    Led_State                                0x2000023c   Data           4  tim.o(.data)
    .data                                    0x20000240   Section        4  update.o(.data)
    Updating                                 0x20000240   Data           4  update.o(.data)
    .data                                    0x20000244   Section        4  update.o(.data)
    .data                                    0x20000248   Section        4  update.o(.data)
    .data                                    0x2000024c   Section        4  stdout.o(.data)
    .bss                                     0x20000250   Section       36  interface.o(.bss)
    .bss                                     0x20000274   Section     2064  uart.o(.bss)
    RUART1                                   0x20000274   Data        1032  uart.o(.bss)
    RUART2                                   0x2000067c   Data        1032  uart.o(.bss)
    .bss                                     0x20000a84   Section       28  format_data.o(.bss)
    .bss                                     0x20000aa0   Section       12  update.o(.bss)
    .bss                                     0x20000aac   Section       12  update.o(.bss)
    .bss                                     0x20000ab8   Section      156  update.o(.bss)
    STACK                                    0x20000b58   Section     1024  startup_stm32f10x_md.o(STACK)

    Global Symbols

    Symbol Name                              Value     Ov Type        Size  Object(Section)

    BuildAttributes$$THM_ISAv4$P$D$K$B$S$PE$A:L22UL41UL21$X:L11$S22US41US21$IEEE1$IW$USESV6$~STKCKD$USESV7$~SHL$OSPACE$ROPI$EBA8$MICROLIB$REQ8$PRES8$EABIv2 0x00000000   Number         0  anon$$obj.o ABSOLUTE
    __ARM_use_no_argv                        0x00000000   Number         0  main.o ABSOLUTE
    _printf_a                                0x00000000   Number         0  stubs.o ABSOLUTE
    _printf_c                                0x00000000   Number         0  stubs.o ABSOLUTE
    _printf_charcount                        0x00000000   Number         0  stubs.o ABSOLUTE
    _printf_d                                0x00000000   Number         0  stubs.o ABSOLUTE
    _printf_e                                0x00000000   Number         0  stubs.o ABSOLUTE
    _printf_f                                0x00000000   Number         0  stubs.o ABSOLUTE
    _printf_flags                            0x00000000   Number         0  stubs.o ABSOLUTE
    _printf_fp_dec                           0x00000000   Number         0  stubs.o ABSOLUTE
    _printf_fp_hex                           0x00000000   Number         0  stubs.o ABSOLUTE
    _printf_g                                0x00000000   Number         0  stubs.o ABSOLUTE
    _printf_i                                0x00000000   Number         0  stubs.o ABSOLUTE
    _printf_int_dec                          0x00000000   Number         0  stubs.o ABSOLUTE
    _printf_l                                0x00000000   Number         0  stubs.o ABSOLUTE
    _printf_lc                               0x00000000   Number         0  stubs.o ABSOLUTE
    _printf_ll                               0x00000000   Number         0  stubs.o ABSOLUTE
    _printf_lld                              0x00000000   Number         0  stubs.o ABSOLUTE
    _printf_lli                              0x00000000   Number         0  stubs.o ABSOLUTE
    _printf_llo                              0x00000000   Number         0  stubs.o ABSOLUTE
    _printf_llu                              0x00000000   Number         0  stubs.o ABSOLUTE
    _printf_llx                              0x00000000   Number         0  stubs.o ABSOLUTE
    _printf_longlong_dec                     0x00000000   Number         0  stubs.o ABSOLUTE
    _printf_longlong_hex                     0x00000000   Number         0  stubs.o ABSOLUTE
    _printf_longlong_oct                     0x00000000   Number         0  stubs.o ABSOLUTE
    _printf_ls                               0x00000000   Number         0  stubs.o ABSOLUTE
    _printf_mbtowc                           0x00000000   Number         0  stubs.o ABSOLUTE
    _printf_n                                0x00000000   Number         0  stubs.o ABSOLUTE
    _printf_o                                0x00000000   Number         0  stubs.o ABSOLUTE
    _printf_p                                0x00000000   Number         0  stubs.o ABSOLUTE
    _printf_percent                          0x00000000   Number         0  stubs.o ABSOLUTE
    _printf_pre_padding                      0x00000000   Number         0  stubs.o ABSOLUTE
    _printf_return_value                     0x00000000   Number         0  stubs.o ABSOLUTE
    _printf_s                                0x00000000   Number         0  stubs.o ABSOLUTE
    _printf_sizespec                         0x00000000   Number         0  stubs.o ABSOLUTE
    _printf_str                              0x00000000   Number         0  stubs.o ABSOLUTE
    _printf_truncate_signed                  0x00000000   Number         0  stubs.o ABSOLUTE
    _printf_truncate_unsigned                0x00000000   Number         0  stubs.o ABSOLUTE
    _printf_u                                0x00000000   Number         0  stubs.o ABSOLUTE
    _printf_wc                               0x00000000   Number         0  stubs.o ABSOLUTE
    _printf_wctomb                           0x00000000   Number         0  stubs.o ABSOLUTE
    _printf_widthprec                        0x00000000   Number         0  stubs.o ABSOLUTE
    _printf_x                                0x00000000   Number         0  stubs.o ABSOLUTE
    __cpp_initialize__aeabi_                  - Undefined Weak Reference
    __cxa_finalize                            - Undefined Weak Reference
    _clock_init                               - Undefined Weak Reference
    _microlib_exit                            - Undefined Weak Reference
    __Vectors_Size                           0x000000ec   Number         0  startup_stm32f10x_md.o ABSOLUTE
    __Vectors                                0x08000000   Data           4  startup_stm32f10x_md.o(RESET)
    __Vectors_End                            0x080000ec   Data           0  startup_stm32f10x_md.o(RESET)
    __main                                   0x080000ed   Thumb Code     0  entry.o(.ARM.Collect$$$$00000000)
    _main_stk                                0x080000ed   Thumb Code     0  entry2.o(.ARM.Collect$$$$00000001)
    _main_scatterload                        0x080000f1   Thumb Code     0  entry5.o(.ARM.Collect$$$$00000004)
    __main_after_scatterload                 0x080000f5   Thumb Code     0  entry5.o(.ARM.Collect$$$$00000004)
    _main_clock                              0x080000f5   Thumb Code     0  entry7b.o(.ARM.Collect$$$$00000008)
    _main_cpp_init                           0x080000f5   Thumb Code     0  entry8b.o(.ARM.Collect$$$$0000000A)
    _main_init                               0x080000f5   Thumb Code     0  entry9a.o(.ARM.Collect$$$$0000000B)
    __rt_final_cpp                           0x080000fd   Thumb Code     0  entry10a.o(.ARM.Collect$$$$0000000D)
    __rt_final_exit                          0x080000fd   Thumb Code     0  entry11a.o(.ARM.Collect$$$$0000000F)
    main                                     0x08000101   Thumb Code    32  main.o(.text)
    NMI_Handler                              0x08000125   Thumb Code     2  stm32f10x_it.o(.text)
    HardFault_Handler                        0x08000127   Thumb Code     2  stm32f10x_it.o(.text)
    MemManage_Handler                        0x08000129   Thumb Code     2  stm32f10x_it.o(.text)
    BusFault_Handler                         0x0800012b   Thumb Code     2  stm32f10x_it.o(.text)
    UsageFault_Handler                       0x0800012d   Thumb Code     2  stm32f10x_it.o(.text)
    SVC_Handler                              0x0800012f   Thumb Code     2  stm32f10x_it.o(.text)
    DebugMon_Handler                         0x08000131   Thumb Code     2  stm32f10x_it.o(.text)
    PendSV_Handler                           0x08000133   Thumb Code     2  stm32f10x_it.o(.text)
    SysTick_Handler                          0x08000135   Thumb Code     2  stm32f10x_it.o(.text)
    Init_BaseInfo                            0x08000139   Thumb Code   112  interface.o(.text)
    Jump_Application                         0x080001a9   Thumb Code   136  interface.o(.text)
    NVIC_PriorityGroupConfig                 0x080002f1   Thumb Code    10  misc.o(.text)
    NVIC_Init                                0x080002fb   Thumb Code    90  misc.o(.text)
    NVIC_SetVectorTable                      0x08000355   Thumb Code    14  misc.o(.text)
    NVIC_SystemLPConfig                      0x08000363   Thumb Code    20  misc.o(.text)
    SysTick_CLKSourceConfig                  0x08000377   Thumb Code    24  misc.o(.text)
    FLASH_SetLatency                         0x080003a1   Thumb Code    14  stm32f10x_flash.o(.text)
    FLASH_HalfCycleAccessCmd                 0x080003af   Thumb Code    18  stm32f10x_flash.o(.text)
    FLASH_PrefetchBufferCmd                  0x080003c1   Thumb Code    18  stm32f10x_flash.o(.text)
    FLASH_Unlock                             0x080003d3   Thumb Code    12  stm32f10x_flash.o(.text)
    FLASH_UnlockBank1                        0x080003df   Thumb Code    12  stm32f10x_flash.o(.text)
    FLASH_Lock                               0x080003eb   Thumb Code    12  stm32f10x_flash.o(.text)
    FLASH_LockBank1                          0x080003f7   Thumb Code    12  stm32f10x_flash.o(.text)
    FLASH_GetBank1Status                     0x08000403   Thumb Code    34  stm32f10x_flash.o(.text)
    FLASH_WaitForLastOperation               0x08000425   Thumb Code    34  stm32f10x_flash.o(.text)
    FLASH_ErasePage                          0x08000447   Thumb Code    56  stm32f10x_flash.o(.text)
    FLASH_EraseAllPages                      0x0800047f   Thumb Code    52  stm32f10x_flash.o(.text)
    FLASH_WaitForLastBank1Operation          0x080004b3   Thumb Code    34  stm32f10x_flash.o(.text)
    FLASH_EraseAllBank1Pages                 0x080004d5   Thumb Code    52  stm32f10x_flash.o(.text)
    FLASH_GetReadOutProtectionStatus         0x08000509   Thumb Code    14  stm32f10x_flash.o(.text)
    FLASH_EraseOptionBytes                   0x08000517   Thumb Code   108  stm32f10x_flash.o(.text)
    FLASH_ProgramWord                        0x08000583   Thumb Code    72  stm32f10x_flash.o(.text)
    FLASH_ProgramHalfWord                    0x080005cb   Thumb Code    48  stm32f10x_flash.o(.text)
    FLASH_ProgramOptionByteData              0x080005fb   Thumb Code    62  stm32f10x_flash.o(.text)
    FLASH_EnableWriteProtection              0x08000639   Thumb Code   158  stm32f10x_flash.o(.text)
    FLASH_ReadOutProtection                  0x080006d7   Thumb Code   118  stm32f10x_flash.o(.text)
    FLASH_UserOptionByteConfig               0x0800074d   Thumb Code    92  stm32f10x_flash.o(.text)
    FLASH_GetUserOptionByte                  0x080007a9   Thumb Code     8  stm32f10x_flash.o(.text)
    FLASH_GetWriteProtectionOptionByte       0x080007b1   Thumb Code     6  stm32f10x_flash.o(.text)
    FLASH_GetPrefetchBufferStatus            0x080007b7   Thumb Code    14  stm32f10x_flash.o(.text)
    FLASH_ITConfig                           0x080007c5   Thumb Code    18  stm32f10x_flash.o(.text)
    FLASH_GetFlagStatus                      0x080007d7   Thumb Code    28  stm32f10x_flash.o(.text)
    FLASH_ClearFlag                          0x080007f3   Thumb Code     6  stm32f10x_flash.o(.text)
    FLASH_GetStatus                          0x080007f9   Thumb Code    34  stm32f10x_flash.o(.text)
    GPIO_DeInit                              0x08000821   Thumb Code   152  stm32f10x_gpio.o(.text)
    GPIO_AFIODeInit                          0x080008b9   Thumb Code    22  stm32f10x_gpio.o(.text)
    GPIO_Init                                0x080008cf   Thumb Code   152  stm32f10x_gpio.o(.text)
    GPIO_StructInit                          0x08000967   Thumb Code    16  stm32f10x_gpio.o(.text)
    GPIO_ReadInputDataBit                    0x08000977   Thumb Code    14  stm32f10x_gpio.o(.text)
    GPIO_ReadInputData                       0x08000985   Thumb Code     6  stm32f10x_gpio.o(.text)
    GPIO_ReadOutputDataBit                   0x0800098b   Thumb Code    14  stm32f10x_gpio.o(.text)
    GPIO_ReadOutputData                      0x08000999   Thumb Code     6  stm32f10x_gpio.o(.text)
    GPIO_SetBits                             0x0800099f   Thumb Code     4  stm32f10x_gpio.o(.text)
    GPIO_ResetBits                           0x080009a3   Thumb Code     4  stm32f10x_gpio.o(.text)
    GPIO_WriteBit                            0x080009a7   Thumb Code    10  stm32f10x_gpio.o(.text)
    GPIO_Write                               0x080009b1   Thumb Code     4  stm32f10x_gpio.o(.text)
    GPIO_PinLockConfig                       0x080009b5   Thumb Code    16  stm32f10x_gpio.o(.text)
    GPIO_EventOutputConfig                   0x080009c5   Thumb Code    22  stm32f10x_gpio.o(.text)
    GPIO_EventOutputCmd                      0x080009db   Thumb Code     6  stm32f10x_gpio.o(.text)
    GPIO_PinRemapConfig                      0x080009e1   Thumb Code    82  stm32f10x_gpio.o(.text)
    GPIO_EXTILineConfig                      0x08000a33   Thumb Code    34  stm32f10x_gpio.o(.text)
    GPIO_ETH_MediaInterfaceConfig            0x08000a55   Thumb Code     8  stm32f10x_gpio.o(.text)
    I2C_DeInit                               0x08000a81   Thumb Code    38  stm32f10x_i2c.o(.text)
    I2C_Init                                 0x08000aa7   Thumb Code   176  stm32f10x_i2c.o(.text)
    I2C_StructInit                           0x08000b57   Thumb Code    28  stm32f10x_i2c.o(.text)
    I2C_Cmd                                  0x08000b73   Thumb Code    20  stm32f10x_i2c.o(.text)
    I2C_DMACmd                               0x08000b87   Thumb Code    20  stm32f10x_i2c.o(.text)
    I2C_DMALastTransferCmd                   0x08000b9b   Thumb Code    20  stm32f10x_i2c.o(.text)
    I2C_GenerateSTART                        0x08000baf   Thumb Code    20  stm32f10x_i2c.o(.text)
    I2C_GenerateSTOP                         0x08000bc3   Thumb Code    20  stm32f10x_i2c.o(.text)
    I2C_AcknowledgeConfig                    0x08000bd7   Thumb Code    20  stm32f10x_i2c.o(.text)
    I2C_OwnAddress2Config                    0x08000beb   Thumb Code    16  stm32f10x_i2c.o(.text)
    I2C_DualAddressCmd                       0x08000bfb   Thumb Code    20  stm32f10x_i2c.o(.text)
    I2C_GeneralCallCmd                       0x08000c0f   Thumb Code    20  stm32f10x_i2c.o(.text)
    I2C_ITConfig                             0x08000c23   Thumb Code    16  stm32f10x_i2c.o(.text)
    I2C_SendData                             0x08000c33   Thumb Code     4  stm32f10x_i2c.o(.text)
    I2C_ReceiveData                          0x08000c37   Thumb Code     6  stm32f10x_i2c.o(.text)
    I2C_Send7bitAddress                      0x08000c3d   Thumb Code    16  stm32f10x_i2c.o(.text)
    I2C_ReadRegister                         0x08000c4d   Thumb Code    10  stm32f10x_i2c.o(.text)
    I2C_SoftwareResetCmd                     0x08000c57   Thumb Code    20  stm32f10x_i2c.o(.text)
    I2C_NACKPositionConfig                   0x08000c6b   Thumb Code    22  stm32f10x_i2c.o(.text)
    I2C_SMBusAlertConfig                     0x08000c81   Thumb Code    22  stm32f10x_i2c.o(.text)
    I2C_TransmitPEC                          0x08000c97   Thumb Code    20  stm32f10x_i2c.o(.text)
    I2C_PECPositionConfig                    0x08000cab   Thumb Code    22  stm32f10x_i2c.o(.text)
    I2C_CalculatePEC                         0x08000cc1   Thumb Code    20  stm32f10x_i2c.o(.text)
    I2C_GetPEC                               0x08000cd5   Thumb Code     6  stm32f10x_i2c.o(.text)
    I2C_ARPCmd                               0x08000cdb   Thumb Code    20  stm32f10x_i2c.o(.text)
    I2C_StretchClockCmd                      0x08000cef   Thumb Code    20  stm32f10x_i2c.o(.text)
    I2C_FastModeDutyCycleConfig              0x08000d03   Thumb Code    22  stm32f10x_i2c.o(.text)
    I2C_CheckEvent                           0x08000d19   Thumb Code    24  stm32f10x_i2c.o(.text)
    I2C_GetLastEvent                         0x08000d31   Thumb Code    14  stm32f10x_i2c.o(.text)
    I2C_GetFlagStatus                        0x08000d3f   Thumb Code    42  stm32f10x_i2c.o(.text)
    I2C_ClearFlag                            0x08000d69   Thumb Code     6  stm32f10x_i2c.o(.text)
    I2C_GetITStatus                          0x08000d6f   Thumb Code    36  stm32f10x_i2c.o(.text)
    I2C_ClearITPendingBit                    0x08000d93   Thumb Code     6  stm32f10x_i2c.o(.text)
    RCC_DeInit                               0x08000da5   Thumb Code    50  stm32f10x_rcc.o(.text)
    RCC_HSEConfig                            0x08000dd7   Thumb Code    48  stm32f10x_rcc.o(.text)
    RCC_GetFlagStatus                        0x08000e07   Thumb Code    42  stm32f10x_rcc.o(.text)
    RCC_WaitForHSEStartUp                    0x08000e31   Thumb Code    44  stm32f10x_rcc.o(.text)
    RCC_AdjustHSICalibrationValue            0x08000e5d   Thumb Code    16  stm32f10x_rcc.o(.text)
    RCC_HSICmd                               0x08000e6d   Thumb Code     6  stm32f10x_rcc.o(.text)
    RCC_PLLConfig                            0x08000e73   Thumb Code    16  stm32f10x_rcc.o(.text)
    RCC_PLLCmd                               0x08000e83   Thumb Code     6  stm32f10x_rcc.o(.text)
    RCC_SYSCLKConfig                         0x08000e89   Thumb Code    14  stm32f10x_rcc.o(.text)
    RCC_GetSYSCLKSource                      0x08000e97   Thumb Code    10  stm32f10x_rcc.o(.text)
    RCC_HCLKConfig                           0x08000ea1   Thumb Code    14  stm32f10x_rcc.o(.text)
    RCC_PCLK1Config                          0x08000eaf   Thumb Code    14  stm32f10x_rcc.o(.text)
    RCC_PCLK2Config                          0x08000ebd   Thumb Code    16  stm32f10x_rcc.o(.text)
    RCC_ITConfig                             0x08000ecd   Thumb Code    18  stm32f10x_rcc.o(.text)
    RCC_USBCLKConfig                         0x08000edf   Thumb Code     8  stm32f10x_rcc.o(.text)
    RCC_ADCCLKConfig                         0x08000ee7   Thumb Code    14  stm32f10x_rcc.o(.text)
    RCC_LSEConfig                            0x08000ef5   Thumb Code    28  stm32f10x_rcc.o(.text)
    RCC_LSICmd                               0x08000f11   Thumb Code     6  stm32f10x_rcc.o(.text)
    RCC_RTCCLKConfig                         0x08000f17   Thumb Code    10  stm32f10x_rcc.o(.text)
    RCC_RTCCLKCmd                            0x08000f21   Thumb Code     8  stm32f10x_rcc.o(.text)
    RCC_GetClocksFreq                        0x08000f29   Thumb Code   132  stm32f10x_rcc.o(.text)
    RCC_AHBPeriphClockCmd                    0x08000fad   Thumb Code    18  stm32f10x_rcc.o(.text)
    RCC_APB2PeriphClockCmd                   0x08000fbf   Thumb Code    18  stm32f10x_rcc.o(.text)
    RCC_APB1PeriphClockCmd                   0x08000fd1   Thumb Code    18  stm32f10x_rcc.o(.text)
    RCC_APB2PeriphResetCmd                   0x08000fe3   Thumb Code    18  stm32f10x_rcc.o(.text)
    RCC_APB1PeriphResetCmd                   0x08000ff5   Thumb Code    18  stm32f10x_rcc.o(.text)
    RCC_BackupResetCmd                       0x08001007   Thumb Code     8  stm32f10x_rcc.o(.text)
    RCC_ClockSecuritySystemCmd               0x0800100f   Thumb Code     6  stm32f10x_rcc.o(.text)
    RCC_MCOConfig                            0x08001015   Thumb Code     6  stm32f10x_rcc.o(.text)
    RCC_ClearFlag                            0x0800101b   Thumb Code    12  stm32f10x_rcc.o(.text)
    RCC_GetITStatus                          0x08001027   Thumb Code    16  stm32f10x_rcc.o(.text)
    RCC_ClearITPendingBit                    0x08001037   Thumb Code     6  stm32f10x_rcc.o(.text)
    TIM_DeInit                               0x0800105d   Thumb Code   304  stm32f10x_tim.o(.text)
    TIM_TimeBaseInit                         0x0800118d   Thumb Code   114  stm32f10x_tim.o(.text)
    TIM_OC1Init                              0x080011ff   Thumb Code   106  stm32f10x_tim.o(.text)
    TIM_OC2Init                              0x08001269   Thumb Code   120  stm32f10x_tim.o(.text)
    TIM_OC3Init                              0x080012e1   Thumb Code   116  stm32f10x_tim.o(.text)
    TIM_OC4Init                              0x08001355   Thumb Code    90  stm32f10x_tim.o(.text)
    TIM_SetIC4Prescaler                      0x080013af   Thumb Code    24  stm32f10x_tim.o(.text)
    TIM_SetIC3Prescaler                      0x080013c7   Thumb Code    16  stm32f10x_tim.o(.text)
    TIM_SetIC2Prescaler                      0x080013d7   Thumb Code    24  stm32f10x_tim.o(.text)
    TIM_SetIC1Prescaler                      0x08001495   Thumb Code    16  stm32f10x_tim.o(.text)
    TIM_ICInit                               0x080014fd   Thumb Code   270  stm32f10x_tim.o(.text)
    TIM_PWMIConfig                           0x0800160b   Thumb Code   104  stm32f10x_tim.o(.text)
    TIM_BDTRConfig                           0x08001673   Thumb Code    34  stm32f10x_tim.o(.text)
    TIM_TimeBaseStructInit                   0x08001695   Thumb Code    18  stm32f10x_tim.o(.text)
    TIM_OCStructInit                         0x080016a7   Thumb Code    20  stm32f10x_tim.o(.text)
    TIM_ICStructInit                         0x080016bb   Thumb Code    16  stm32f10x_tim.o(.text)
    TIM_BDTRStructInit                       0x080016cb   Thumb Code    18  stm32f10x_tim.o(.text)
    TIM_Cmd                                  0x080016dd   Thumb Code    20  stm32f10x_tim.o(.text)
    TIM_CtrlPWMOutputs                       0x080016f1   Thumb Code    22  stm32f10x_tim.o(.text)
    TIM_ITConfig                             0x08001707   Thumb Code    16  stm32f10x_tim.o(.text)
    TIM_GenerateEvent                        0x08001717   Thumb Code     4  stm32f10x_tim.o(.text)
    TIM_DMAConfig                            0x0800171b   Thumb Code     8  stm32f10x_tim.o(.text)
    TIM_DMACmd                               0x08001723   Thumb Code    16  stm32f10x_tim.o(.text)
    TIM_InternalClockConfig                  0x08001733   Thumb Code    10  stm32f10x_tim.o(.text)
    TIM_SelectInputTrigger                   0x0800173d   Thumb Code    12  stm32f10x_tim.o(.text)
    TIM_ITRxExternalClockConfig              0x08001749   Thumb Code    18  stm32f10x_tim.o(.text)
    TIM_TIxExternalClockConfig               0x0800175b   Thumb Code    46  stm32f10x_tim.o(.text)
    TIM_ETRConfig                            0x08001789   Thumb Code    24  stm32f10x_tim.o(.text)
    TIM_ETRClockMode1Config                  0x080017a1   Thumb Code    18  stm32f10x_tim.o(.text)
    TIM_ETRClockMode2Config                  0x080017b3   Thumb Code    18  stm32f10x_tim.o(.text)
    TIM_PrescalerConfig                      0x080017c5   Thumb Code     6  stm32f10x_tim.o(.text)
    TIM_CounterModeConfig                    0x080017cb   Thumb Code    12  stm32f10x_tim.o(.text)
    TIM_EncoderInterfaceConfig               0x080017d7   Thumb Code    50  stm32f10x_tim.o(.text)
    TIM_ForcedOC1Config                      0x08001809   Thumb Code    12  stm32f10x_tim.o(.text)
    TIM_ForcedOC2Config                      0x08001815   Thumb Code    20  stm32f10x_tim.o(.text)
    TIM_ForcedOC3Config                      0x08001829   Thumb Code    12  stm32f10x_tim.o(.text)
    TIM_ForcedOC4Config                      0x08001835   Thumb Code    20  stm32f10x_tim.o(.text)
    TIM_ARRPreloadConfig                     0x08001849   Thumb Code    20  stm32f10x_tim.o(.text)
    TIM_SelectCOM                            0x0800185d   Thumb Code    20  stm32f10x_tim.o(.text)
    TIM_SelectCCDMA                          0x08001871   Thumb Code    20  stm32f10x_tim.o(.text)
    TIM_CCPreloadControl                     0x08001885   Thumb Code    20  stm32f10x_tim.o(.text)
    TIM_OC1PreloadConfig                     0x08001899   Thumb Code    32  stm32f10x_tim.o(.text)
    TIM_OC2PreloadConfig                     0x080018b9   Thumb Code    20  stm32f10x_tim.o(.text)
    TIM_OC3PreloadConfig                     0x080018cd   Thumb Code    12  stm32f10x_tim.o(.text)
    TIM_OC4PreloadConfig                     0x080018d9   Thumb Code    20  stm32f10x_tim.o(.text)
    TIM_OC1FastConfig                        0x080018ed   Thumb Code    12  stm32f10x_tim.o(.text)
    TIM_OC2FastConfig                        0x080018f9   Thumb Code    20  stm32f10x_tim.o(.text)
    TIM_OC3FastConfig                        0x0800190d   Thumb Code    12  stm32f10x_tim.o(.text)
    TIM_OC4FastConfig                        0x08001919   Thumb Code    20  stm32f10x_tim.o(.text)
    TIM_ClearOC1Ref                          0x0800192d   Thumb Code    12  stm32f10x_tim.o(.text)
    TIM_ClearOC2Ref                          0x08001939   Thumb Code    20  stm32f10x_tim.o(.text)
    TIM_ClearOC3Ref                          0x0800194d   Thumb Code    12  stm32f10x_tim.o(.text)
    TIM_ClearOC4Ref                          0x08001959   Thumb Code    20  stm32f10x_tim.o(.text)
    TIM_OC1PolarityConfig                    0x0800196d   Thumb Code    12  stm32f10x_tim.o(.text)
    TIM_OC1NPolarityConfig                   0x08001979   Thumb Code    12  stm32f10x_tim.o(.text)
    TIM_OC2PolarityConfig                    0x08001985   Thumb Code    20  stm32f10x_tim.o(.text)
    TIM_OC2NPolarityConfig                   0x08001999   Thumb Code    20  stm32f10x_tim.o(.text)
    TIM_OC3PolarityConfig                    0x080019ad   Thumb Code    20  stm32f10x_tim.o(.text)
    TIM_OC3NPolarityConfig                   0x080019c1   Thumb Code    20  stm32f10x_tim.o(.text)
    TIM_OC4PolarityConfig                    0x080019d5   Thumb Code    20  stm32f10x_tim.o(.text)
    TIM_CCxCmd                               0x080019e9   Thumb Code    22  stm32f10x_tim.o(.text)
    TIM_CCxNCmd                              0x080019ff   Thumb Code    22  stm32f10x_tim.o(.text)
    TIM_SelectOCxM                           0x08001a15   Thumb Code    70  stm32f10x_tim.o(.text)
    TIM_UpdateDisableConfig                  0x08001a5b   Thumb Code    20  stm32f10x_tim.o(.text)
    TIM_UpdateRequestConfig                  0x08001a6f   Thumb Code    20  stm32f10x_tim.o(.text)
    TIM_SelectHallSensor                     0x08001a83   Thumb Code    20  stm32f10x_tim.o(.text)
    TIM_SelectOnePulseMode                   0x08001a97   Thumb Code    16  stm32f10x_tim.o(.text)
    TIM_SelectOutputTrigger                  0x08001aa7   Thumb Code    16  stm32f10x_tim.o(.text)
    TIM_SelectSlaveMode                      0x08001ab7   Thumb Code    16  stm32f10x_tim.o(.text)
    TIM_SelectMasterSlaveMode                0x08001ac7   Thumb Code    16  stm32f10x_tim.o(.text)
    TIM_SetCounter                           0x08001ad7   Thumb Code     4  stm32f10x_tim.o(.text)
    TIM_SetAutoreload                        0x08001adb   Thumb Code     4  stm32f10x_tim.o(.text)
    TIM_SetCompare1                          0x08001adf   Thumb Code     4  stm32f10x_tim.o(.text)
    TIM_SetCompare2                          0x08001ae3   Thumb Code     4  stm32f10x_tim.o(.text)
    TIM_SetCompare3                          0x08001ae7   Thumb Code     4  stm32f10x_tim.o(.text)
    TIM_SetCompare4                          0x08001aeb   Thumb Code     6  stm32f10x_tim.o(.text)
    TIM_SetClockDivision                     0x08001af1   Thumb Code    16  stm32f10x_tim.o(.text)
    TIM_GetCapture1                          0x08001b01   Thumb Code     4  stm32f10x_tim.o(.text)
    TIM_GetCapture2                          0x08001b05   Thumb Code     4  stm32f10x_tim.o(.text)
    TIM_GetCapture3                          0x08001b09   Thumb Code     4  stm32f10x_tim.o(.text)
    TIM_GetCapture4                          0x08001b0d   Thumb Code     6  stm32f10x_tim.o(.text)
    TIM_GetCounter                           0x08001b13   Thumb Code     4  stm32f10x_tim.o(.text)
    TIM_GetPrescaler                         0x08001b17   Thumb Code     4  stm32f10x_tim.o(.text)
    TIM_GetFlagStatus                        0x08001b1b   Thumb Code    14  stm32f10x_tim.o(.text)
    TIM_ClearFlag                            0x08001b29   Thumb Code     6  stm32f10x_tim.o(.text)
    TIM_GetITStatus                          0x08001b2f   Thumb Code    24  stm32f10x_tim.o(.text)
    TIM_ClearITPendingBit                    0x08001b47   Thumb Code     6  stm32f10x_tim.o(.text)
    USART_DeInit                             0x08001b4d   Thumb Code    96  stm32f10x_usart.o(.text)
    USART_Init                               0x08001bad   Thumb Code   176  stm32f10x_usart.o(.text)
    USART_StructInit                         0x08001c5d   Thumb Code    22  stm32f10x_usart.o(.text)
    USART_ClockInit                          0x08001c73   Thumb Code    30  stm32f10x_usart.o(.text)
    USART_ClockStructInit                    0x08001c91   Thumb Code    12  stm32f10x_usart.o(.text)
    USART_Cmd                                0x08001c9d   Thumb Code    20  stm32f10x_usart.o(.text)
    USART_ITConfig                           0x08001cb1   Thumb Code    48  stm32f10x_usart.o(.text)
    USART_DMACmd                             0x08001ce1   Thumb Code    16  stm32f10x_usart.o(.text)
    USART_SetAddress                         0x08001cf1   Thumb Code    16  stm32f10x_usart.o(.text)
    USART_WakeUpConfig                       0x08001d01   Thumb Code    16  stm32f10x_usart.o(.text)
    USART_ReceiverWakeUpCmd                  0x08001d11   Thumb Code    20  stm32f10x_usart.o(.text)
    USART_LINBreakDetectLengthConfig         0x08001d25   Thumb Code    16  stm32f10x_usart.o(.text)
    USART_LINCmd                             0x08001d35   Thumb Code    20  stm32f10x_usart.o(.text)
    USART_SendData                           0x08001d49   Thumb Code     8  stm32f10x_usart.o(.text)
    USART_ReceiveData                        0x08001d51   Thumb Code     8  stm32f10x_usart.o(.text)
    USART_SendBreak                          0x08001d59   Thumb Code    10  stm32f10x_usart.o(.text)
    USART_SetGuardTime                       0x08001d63   Thumb Code    16  stm32f10x_usart.o(.text)
    USART_SetPrescaler                       0x08001d73   Thumb Code    16  stm32f10x_usart.o(.text)
    USART_SmartCardCmd                       0x08001d83   Thumb Code    20  stm32f10x_usart.o(.text)
    USART_SmartCardNACKCmd                   0x08001d97   Thumb Code    20  stm32f10x_usart.o(.text)
    USART_HalfDuplexCmd                      0x08001dab   Thumb Code    20  stm32f10x_usart.o(.text)
    USART_OverSampling8Cmd                   0x08001dbf   Thumb Code    20  stm32f10x_usart.o(.text)
    USART_OneBitMethodCmd                    0x08001dd3   Thumb Code    20  stm32f10x_usart.o(.text)
    USART_IrDAConfig                         0x08001de7   Thumb Code    16  stm32f10x_usart.o(.text)
    USART_IrDACmd                            0x08001df7   Thumb Code    20  stm32f10x_usart.o(.text)
    USART_GetFlagStatus                      0x08001e0b   Thumb Code    14  stm32f10x_usart.o(.text)
    USART_ClearFlag                          0x08001e19   Thumb Code     6  stm32f10x_usart.o(.text)
    USART_GetITStatus                        0x08001e1f   Thumb Code    62  stm32f10x_usart.o(.text)
    USART_ClearITPendingBit                  0x08001e5d   Thumb Code    12  stm32f10x_usart.o(.text)
    Reset_Handler                            0x08001e7d   Thumb Code     8  startup_stm32f10x_md.o(.text)
    ADC1_2_IRQHandler                        0x08001e97   Thumb Code     0  startup_stm32f10x_md.o(.text)
    CAN1_RX1_IRQHandler                      0x08001e97   Thumb Code     0  startup_stm32f10x_md.o(.text)
    CAN1_SCE_IRQHandler                      0x08001e97   Thumb Code     0  startup_stm32f10x_md.o(.text)
    DMA1_Channel1_IRQHandler                 0x08001e97   Thumb Code     0  startup_stm32f10x_md.o(.text)
    DMA1_Channel2_IRQHandler                 0x08001e97   Thumb Code     0  startup_stm32f10x_md.o(.text)
    DMA1_Channel3_IRQHandler                 0x08001e97   Thumb Code     0  startup_stm32f10x_md.o(.text)
    DMA1_Channel4_IRQHandler                 0x08001e97   Thumb Code     0  startup_stm32f10x_md.o(.text)
    DMA1_Channel5_IRQHandler                 0x08001e97   Thumb Code     0  startup_stm32f10x_md.o(.text)
    DMA1_Channel6_IRQHandler                 0x08001e97   Thumb Code     0  startup_stm32f10x_md.o(.text)
    DMA1_Channel7_IRQHandler                 0x08001e97   Thumb Code     0  startup_stm32f10x_md.o(.text)
    EXTI0_IRQHandler                         0x08001e97   Thumb Code     0  startup_stm32f10x_md.o(.text)
    EXTI15_10_IRQHandler                     0x08001e97   Thumb Code     0  startup_stm32f10x_md.o(.text)
    EXTI1_IRQHandler                         0x08001e97   Thumb Code     0  startup_stm32f10x_md.o(.text)
    EXTI2_IRQHandler                         0x08001e97   Thumb Code     0  startup_stm32f10x_md.o(.text)
    EXTI3_IRQHandler                         0x08001e97   Thumb Code     0  startup_stm32f10x_md.o(.text)
    EXTI4_IRQHandler                         0x08001e97   Thumb Code     0  startup_stm32f10x_md.o(.text)
    EXTI9_5_IRQHandler                       0x08001e97   Thumb Code     0  startup_stm32f10x_md.o(.text)
    FLASH_IRQHandler                         0x08001e97   Thumb Code     0  startup_stm32f10x_md.o(.text)
    I2C1_ER_IRQHandler                       0x08001e97   Thumb Code     0  startup_stm32f10x_md.o(.text)
    I2C1_EV_IRQHandler                       0x08001e97   Thumb Code     0  startup_stm32f10x_md.o(.text)
    I2C2_ER_IRQHandler                       0x08001e97   Thumb Code     0  startup_stm32f10x_md.o(.text)
    I2C2_EV_IRQHandler                       0x08001e97   Thumb Code     0  startup_stm32f10x_md.o(.text)
    PVD_IRQHandler                           0x08001e97   Thumb Code     0  startup_stm32f10x_md.o(.text)
    RCC_IRQHandler                           0x08001e97   Thumb Code     0  startup_stm32f10x_md.o(.text)
    RTCAlarm_IRQHandler                      0x08001e97   Thumb Code     0  startup_stm32f10x_md.o(.text)
    RTC_IRQHandler                           0x08001e97   Thumb Code     0  startup_stm32f10x_md.o(.text)
    SPI1_IRQHandler                          0x08001e97   Thumb Code     0  startup_stm32f10x_md.o(.text)
    SPI2_IRQHandler                          0x08001e97   Thumb Code     0  startup_stm32f10x_md.o(.text)
    TAMPER_IRQHandler                        0x08001e97   Thumb Code     0  startup_stm32f10x_md.o(.text)
    TIM1_BRK_IRQHandler                      0x08001e97   Thumb Code     0  startup_stm32f10x_md.o(.text)
    TIM1_CC_IRQHandler                       0x08001e97   Thumb Code     0  startup_stm32f10x_md.o(.text)
    TIM1_TRG_COM_IRQHandler                  0x08001e97   Thumb Code     0  startup_stm32f10x_md.o(.text)
    TIM1_UP_IRQHandler                       0x08001e97   Thumb Code     0  startup_stm32f10x_md.o(.text)
    TIM4_IRQHandler                          0x08001e97   Thumb Code     0  startup_stm32f10x_md.o(.text)
    USBWakeUp_IRQHandler                     0x08001e97   Thumb Code     0  startup_stm32f10x_md.o(.text)
    USB_HP_CAN1_TX_IRQHandler                0x08001e97   Thumb Code     0  startup_stm32f10x_md.o(.text)
    USB_LP_CAN1_RX0_IRQHandler               0x08001e97   Thumb Code     0  startup_stm32f10x_md.o(.text)
    WWDG_IRQHandler                          0x08001e97   Thumb Code     0  startup_stm32f10x_md.o(.text)
    SystemInit                               0x08001f41   Thumb Code    64  system_stm32f10x.o(.text)
    SystemCoreClockUpdate                    0x08001f81   Thumb Code    86  system_stm32f10x.o(.text)
    ClearBuffer                              0x08001ff9   Thumb Code    46  uart.o(.text)
    flush_Uart                               0x08002027   Thumb Code    62  uart.o(.text)
    USART_Config                             0x08002065   Thumb Code   400  uart.o(.text)
    fputc                                    0x080021f5   Thumb Code    24  uart.o(.text)
    Enable_485                               0x0800220d   Thumb Code    36  uart.o(.text)
    Disable_485                              0x08002231   Thumb Code    36  uart.o(.text)
    Recv                                     0x080022c1   Thumb Code    60  uart.o(.text)
    RecvOneByte                              0x080022fd   Thumb Code    24  uart.o(.text)
    Send                                     0x08002315   Thumb Code    50  uart.o(.text)
    SendOneByte                              0x08002347   Thumb Code    12  uart.o(.text)
    USART1_IRQHandler                        0x08002353   Thumb Code    56  uart.o(.text)
    USART2_IRQHandler                        0x0800238b   Thumb Code    58  uart.o(.text)
    USART3_IRQHandler                        0x080023c5   Thumb Code    86  uart.o(.text)
    delay_init                               0x08002485   Thumb Code    46  delay.o(.text)
    delay_us                                 0x080024b3   Thumb Code    46  delay.o(.text)
    delay_ms                                 0x080024e1   Thumb Code    46  delay.o(.text)
    LED_Init                                 0x0800251d   Thumb Code    48  led.o(.text)
    AT24CXX_INIT                             0x08002551   Thumb Code   104  at24cxx.o(.text)
    I2C_EE_ByteWrite                         0x080025b9   Thumb Code   130  at24cxx.o(.text)
    I2C_EE_BufferRead                        0x0800263b   Thumb Code   246  at24cxx.o(.text)
    I2C_EE_PageWrite                         0x08002731   Thumb Code   166  at24cxx.o(.text)
    I2C_EE_WaitEepromStandbyState            0x080027d7   Thumb Code    74  at24cxx.o(.text)
    I2C_EE_BufferWrite                       0x08002821   Thumb Code   184  at24cxx.o(.text)
    TIM3_Int_Init                            0x080028f1   Thumb Code    90  timer.o(.text)
    TIM3_IRQHandler                          0x0800294b   Thumb Code    38  timer.o(.text)
    SoftReset                                0x08002979   Thumb Code    26  init.o(.text)
    Haedware_Init                            0x08002993   Thumb Code   168  init.o(.text)
    DisplayPackage                           0x08002a75   Thumb Code    66  format_data.o(.text)
    Single_Ctrl                              0x08002ab7   Thumb Code   210  format_data.o(.text)
    Recv_Package                             0x08002b89   Thumb Code    70  format_data.o(.text)
    RecvOnePackage                           0x08002bcf   Thumb Code   148  format_data.o(.text)
    Analysis_Package                         0x08002c63   Thumb Code    66  format_data.o(.text)
    Send_Package                             0x08002ca5   Thumb Code    12  format_data.o(.text)
    Group_dataInfo                           0x08002cb1   Thumb Code   110  format_data.o(.text)
    Crc16                                    0x08002ef1   Thumb Code    46  crc16.o(.text)
    CHK_Crc16                                0x08002f1f   Thumb Code    48  crc16.o(.text)
    Tim_Init                                 0x08002f55   Thumb Code   122  tim.o(.text)
    TIM2_IRQHandler                          0x08002fcf   Thumb Code   180  tim.o(.text)
    Download_Application                     0x080031df   Thumb Code   164  update.o(.text)
    FlashProgrm                              0x08003369   Thumb Code   144  flashprogram.o(.text)
    Get_ImageInfo                            0x080033f9   Thumb Code    92  flashprogram.o(.text)
    Set_ImageInfo                            0x08003455   Thumb Code   222  flashprogram.o(.text)
    __aeabi_memset                           0x08003671   Thumb Code    14  memseta.o(.text)
    __aeabi_memset4                          0x08003671   Thumb Code     0  memseta.o(.text)
    __aeabi_memset8                          0x08003671   Thumb Code     0  memseta.o(.text)
    __aeabi_memclr                           0x0800367f   Thumb Code     4  memseta.o(.text)
    __aeabi_memclr4                          0x0800367f   Thumb Code     0  memseta.o(.text)
    __aeabi_memclr8                          0x0800367f   Thumb Code     0  memseta.o(.text)
    _memset$wrapper                          0x08003683   Thumb Code    18  memseta.o(.text)
    __aeabi_f2d                              0x08003695   Thumb Code    38  f2d.o(.text)
    __aeabi_uidiv                            0x080036bb   Thumb Code     0  uidiv.o(.text)
    __aeabi_uidivmod                         0x080036bb   Thumb Code    44  uidiv.o(.text)
    __aeabi_uldivmod                         0x080036e7   Thumb Code    98  uldiv.o(.text)
    __I$use$fp                               0x08003749   Thumb Code     0  iusefp.o(.text)
    __aeabi_dadd                             0x08003749   Thumb Code   322  dadd.o(.text)
    __aeabi_dsub                             0x0800388b   Thumb Code     6  dadd.o(.text)
    __aeabi_drsub                            0x08003891   Thumb Code     6  dadd.o(.text)
    __aeabi_dmul                             0x08003897   Thumb Code   228  dmul.o(.text)
    __aeabi_ddiv                             0x0800397b   Thumb Code   222  ddiv.o(.text)
    __aeabi_d2ulz                            0x08003a59   Thumb Code    48  dfixul.o(.text)
    __aeabi_cdrcmple                         0x08003a89   Thumb Code    38  cdrcmple.o(.text)
    __scatterload                            0x08003ab1   Thumb Code    28  init.o(.text)
    __scatterload_rt2                        0x08003ab1   Thumb Code     0  init.o(.text)
    __aeabi_llsl                             0x08003ad5   Thumb Code    30  llshl.o(.text)
    _ll_shift_l                              0x08003ad5   Thumb Code     0  llshl.o(.text)
    __aeabi_llsr                             0x08003af3   Thumb Code    32  llushr.o(.text)
    _ll_ushift_r                             0x08003af3   Thumb Code     0  llushr.o(.text)
    __aeabi_lasr                             0x08003b13   Thumb Code    36  llsshr.o(.text)
    _ll_sshift_r                             0x08003b13   Thumb Code     0  llsshr.o(.text)
    _double_round                            0x08003b37   Thumb Code    26  depilogue.o(.text)
    _double_epilogue                         0x08003b51   Thumb Code   164  depilogue.o(.text)
    __decompress                             0x08003bf5   Thumb Code     0  __dczerorl2.o(.text)
    __decompress1                            0x08003bf5   Thumb Code    92  __dczerorl2.o(.text)
    __0printf                                0x08003c51   Thumb Code    22  printfa.o(i.__0printf)
    __1printf                                0x08003c51   Thumb Code     0  printfa.o(i.__0printf)
    __2printf                                0x08003c51   Thumb Code     0  printfa.o(i.__0printf)
    __c89printf                              0x08003c51   Thumb Code     0  printfa.o(i.__0printf)
    printf                                   0x08003c51   Thumb Code     0  printfa.o(i.__0printf)
    __scatterload_copy                       0x08003c71   Thumb Code    14  handlers.o(i.__scatterload_copy)
    __scatterload_null                       0x08003c7f   Thumb Code     2  handlers.o(i.__scatterload_null)
    __scatterload_zeroinit                   0x08003c81   Thumb Code    14  handlers.o(i.__scatterload_zeroinit)
    Region$$Table$$Base                      0x08004594   Number         0  anon$$obj.o(Region$$Table)
    Region$$Table$$Limit                     0x080045b4   Number         0  anon$$obj.o(Region$$Table)
    SystemCoreClock                          0x20000014   Data           4  system_stm32f10x.o(.data)
    AHBPrescTable                            0x20000018   Data          16  system_stm32f10x.o(.data)
    at24c16                                  0x2000002c   Data           8  at24cxx.o(.data)
    times                                    0x20000034   Data           2  timer.o(.data)
    auchCRCHi                                0x20000036   Data         256  crc16.o(.data)
    auchCRCLo                                0x20000136   Data         256  crc16.o(.data)
    P_ImageA_Info                            0x20000244   Data           4  update.o(.data)
    P_ImageB_Info                            0x20000248   Data           4  update.o(.data)
    __stdout                                 0x2000024c   Data           4  stdout.o(.data)
    Init_Info                                0x20000250   Data          36  interface.o(.bss)
    G_message                                0x20000a84   Data          28  format_data.o(.bss)
    ImageA_Info                              0x20000aa0   Data          12  update.o(.bss)
    ImageB_Info                              0x20000aac   Data          12  update.o(.bss)
    UpdateInfo                               0x20000ab8   Data          20  update.o(.bss)
    Update                                   0x20000acc   Data         136  update.o(.bss)
    __initial_sp                             0x20000f58   Data           0  startup_stm32f10x_md.o(STACK)



==============================================================================

Memory Map of the image

  Image Entry point : 0x080000ed

  Load Region LR_IROM1 (Base: 0x08000000, Size: 0x00004804, Max: 0x00020000, ABSOLUTE, COMPRESSED[0x000046f8])

    Execution Region ER_IROM1 (Base: 0x08000000, Size: 0x000045b4, Max: 0x00020000, ABSOLUTE)

    Base Addr    Size         Type   Attr      Idx    E Section Name        Object

    0x08000000   0x000000ec   Data   RO          463    RESET               startup_stm32f10x_md.o
    0x080000ec   0x00000000   Code   RO          701  * .ARM.Collect$$$$00000000  mc_w.l(entry.o)
    0x080000ec   0x00000004   Code   RO          969    .ARM.Collect$$$$00000001  mc_w.l(entry2.o)
    0x080000f0   0x00000004   Code   RO          972    .ARM.Collect$$$$00000004  mc_w.l(entry5.o)
    0x080000f4   0x00000000   Code   RO          974    .ARM.Collect$$$$00000008  mc_w.l(entry7b.o)
    0x080000f4   0x00000000   Code   RO          976    .ARM.Collect$$$$0000000A  mc_w.l(entry8b.o)
    0x080000f4   0x00000008   Code   RO          977    .ARM.Collect$$$$0000000B  mc_w.l(entry9a.o)
    0x080000fc   0x00000000   Code   RO          979    .ARM.Collect$$$$0000000D  mc_w.l(entry10a.o)
    0x080000fc   0x00000000   Code   RO          981    .ARM.Collect$$$$0000000F  mc_w.l(entry11a.o)
    0x080000fc   0x00000004   Code   RO          970    .ARM.Collect$$$$00002712  mc_w.l(entry2.o)
    0x08000100   0x00000024   Code   RO            1    .text               main.o
    0x08000124   0x00000012   Code   RO          163    .text               stm32f10x_it.o
    0x08000136   0x00000002   PAD
    0x08000138   0x000001b8   Code   RO          178    .text               interface.o
    0x080002f0   0x000000b0   Code   RO          205    .text               misc.o
    0x080003a0   0x00000480   Code   RO          313    .text               stm32f10x_flash.o
    0x08000820   0x00000260   Code   RO          338    .text               stm32f10x_gpio.o
    0x08000a80   0x00000324   Code   RO          350    .text               stm32f10x_i2c.o
    0x08000da4   0x000002b8   Code   RO          386    .text               stm32f10x_rcc.o
    0x0800105c   0x00000af0   Code   RO          424    .text               stm32f10x_tim.o
    0x08001b4c   0x00000330   Code   RO          437    .text               stm32f10x_usart.o
    0x08001e7c   0x00000024   Code   RO          464    .text               startup_stm32f10x_md.o
    0x08001ea0   0x00000158   Code   RO          479    .text               system_stm32f10x.o
    0x08001ff8   0x0000048c   Code   RO          497    .text               uart.o
    0x08002484   0x00000098   Code   RO          522    .text               delay.o
    0x0800251c   0x00000034   Code   RO          536    .text               led.o
    0x08002550   0x000003a0   Code   RO          548    .text               at24cxx.o
    0x080028f0   0x00000088   Code   RO          575    .text               timer.o
    0x08002978   0x000000fc   Code   RO          596    .text               init.o
    0x08002a74   0x0000047c   Code   RO          616    .text               format_data.o
    0x08002ef0   0x00000064   Code   RO          634    .text               crc16.o
    0x08002f54   0x00000140   Code   RO          649    .text               tim.o
    0x08003094   0x000002d4   Code   RO          665    .text               update.o
    0x08003368   0x00000308   Code   RO          689    .text               flashprogram.o
    0x08003670   0x00000024   Code   RO          704    .text               mc_w.l(memseta.o)
    0x08003694   0x00000026   Code   RO          967    .text               mf_w.l(f2d.o)
    0x080036ba   0x0000002c   Code   RO          984    .text               mc_w.l(uidiv.o)
    0x080036e6   0x00000062   Code   RO          986    .text               mc_w.l(uldiv.o)
    0x08003748   0x00000000   Code   RO          988    .text               mc_w.l(iusefp.o)
    0x08003748   0x0000014e   Code   RO          989    .text               mf_w.l(dadd.o)
    0x08003896   0x000000e4   Code   RO          991    .text               mf_w.l(dmul.o)
    0x0800397a   0x000000de   Code   RO          993    .text               mf_w.l(ddiv.o)
    0x08003a58   0x00000030   Code   RO          995    .text               mf_w.l(dfixul.o)
    0x08003a88   0x00000028   Code   RO          997    .text               mf_w.l(cdrcmple.o)
    0x08003ab0   0x00000024   Code   RO          999    .text               mc_w.l(init.o)
    0x08003ad4   0x0000001e   Code   RO         1001    .text               mc_w.l(llshl.o)
    0x08003af2   0x00000020   Code   RO         1003    .text               mc_w.l(llushr.o)
    0x08003b12   0x00000024   Code   RO         1005    .text               mc_w.l(llsshr.o)
    0x08003b36   0x000000be   Code   RO         1007    .text               mf_w.l(depilogue.o)
    0x08003bf4   0x0000005c   Code   RO         1017    .text               mc_w.l(__dczerorl2.o)
    0x08003c50   0x00000020   Code   RO          939    i.__0printf         mc_w.l(printfa.o)
    0x08003c70   0x0000000e   Code   RO         1011    i.__scatterload_copy  mc_w.l(handlers.o)
    0x08003c7e   0x00000002   Code   RO         1012    i.__scatterload_null  mc_w.l(handlers.o)
    0x08003c80   0x0000000e   Code   RO         1013    i.__scatterload_zeroinit  mc_w.l(handlers.o)
    0x08003c8e   0x00000002   PAD
    0x08003c90   0x0000015c   Code   RO          946    i._fp_digits        mc_w.l(printfa.o)
    0x08003dec   0x000006f0   Code   RO          947    i._printf_core      mc_w.l(printfa.o)
    0x080044dc   0x00000026   Code   RO          948    i._printf_post_padding  mc_w.l(printfa.o)
    0x08004502   0x00000030   Code   RO          949    i._printf_pre_padding  mc_w.l(printfa.o)
    0x08004532   0x00000002   PAD
    0x08004534   0x0000004a   Data   RO          597    .constdata          init.o
    0x0800457e   0x00000015   Data   RO          669    .constdata          update.o
    0x08004593   0x00000001   PAD
    0x08004594   0x00000020   Data   RO         1009    Region$$Table       anon$$obj.o


    Execution Region RW_IRAM1 (Base: 0x20000000, Size: 0x00000f58, Max: 0x00005000, ABSOLUTE, COMPRESSED[0x00000144])

    Base Addr    Size         Type   Attr      Idx    E Section Name        Object

    0x20000000   0x00000014   Data   RW          387    .data               stm32f10x_rcc.o
    0x20000014   0x00000014   Data   RW          480    .data               system_stm32f10x.o
    0x20000028   0x00000004   Data   RW          523    .data               delay.o
    0x2000002c   0x00000008   Data   RW          549    .data               at24cxx.o
    0x20000034   0x00000002   Data   RW          576    .data               timer.o
    0x20000036   0x00000200   Data   RW          635    .data               crc16.o
    0x20000236   0x00000002   PAD
    0x20000238   0x00000008   Data   RW          650    .data               tim.o
    0x20000240   0x00000004   Data   RW          670    .data               update.o
    0x20000244   0x00000004   Data   RW          671    .data               update.o
    0x20000248   0x00000004   Data   RW          672    .data               update.o
    0x2000024c   0x00000004   Data   RW          983    .data               mc_w.l(stdout.o)
    0x20000250   0x00000024   Zero   RW          179    .bss                interface.o
    0x20000274   0x00000810   Zero   RW          498    .bss                uart.o
    0x20000a84   0x0000001c   Zero   RW          617    .bss                format_data.o
    0x20000aa0   0x0000000c   Zero   RW          666    .bss                update.o
    0x20000aac   0x0000000c   Zero   RW          667    .bss                update.o
    0x20000ab8   0x0000009c   Zero   RW          668    .bss                update.o
    0x20000b54   0x00000004   PAD
    0x20000b58   0x00000400   Zero   RW          461    STACK               startup_stm32f10x_md.o


==============================================================================

Image component sizes


      Code (inc. data)   RO Data    RW Data    ZI Data      Debug   Object Name

       928         24          0          8          0       2806   at24cxx.o
       100          6          0        512          0       1444   crc16.o
       152         14          0          4          0        903   delay.o
       776        318          0          0          0       1634   flashprogram.o
      1148        466          0          0         28       3770   format_data.o
       252         58         74          0          0      16321   init.o
       440        192          0          0         36       1777   interface.o
        52          4          0          0          0        435   led.o
        36          4          0          0          0     266415   main.o
       176         18          0          0          0       1525   misc.o
        36          8        236          0       1024        784   startup_stm32f10x_md.o
      1152         22          0          0          0       7840   stm32f10x_flash.o
       608         36          0          0          0       4797   stm32f10x_gpio.o
       804         12          0          0          0       7887   stm32f10x_i2c.o
        18          0          0          0          0       1122   stm32f10x_it.o
       696         32          0         20          0       7852   stm32f10x_rcc.o
      2800         84          0          0          0      18022   stm32f10x_tim.o
       816         20          0          0          0       7128   stm32f10x_usart.o
       344         34          0         20          0       1667   system_stm32f10x.o
       320         18          0          8          0        779   tim.o
       136          8          0          2          0        896   timer.o
      1164         40          0          0       2064       5865   uart.o
       724        230         21         12        180       3011   update.o

    ----------------------------------------------------------------------
     13680       1648        364        588       3336     364680   Object Totals
         0          0         32          0          0          0   (incl. Generated)
         2          0          1          2          4          0   (incl. Padding)

    ----------------------------------------------------------------------

      Code (inc. data)   RO Data    RW Data    ZI Data      Debug   Library Member Name

        92          0          0          0          0          0   __dczerorl2.o
         0          0          0          0          0          0   entry.o
         0          0          0          0          0          0   entry10a.o
         0          0          0          0          0          0   entry11a.o
         8          4          0          0          0          0   entry2.o
         4          0          0          0          0          0   entry5.o
         0          0          0          0          0          0   entry7b.o
         0          0          0          0          0          0   entry8b.o
         8          4          0          0          0          0   entry9a.o
        30          0          0          0          0          0   handlers.o
        36          8          0          0          0         68   init.o
         0          0          0          0          0          0   iusefp.o
        30          0          0          0          0         68   llshl.o
        36          0          0          0          0         68   llsshr.o
        32          0          0          0          0         68   llushr.o
        36          0          0          0          0        108   memseta.o
      2242         90          0          0          0        444   printfa.o
         0          0          0          4          0          0   stdout.o
        44          0          0          0          0         80   uidiv.o
        98          0          0          0          0         92   uldiv.o
        40          2          0          0          0         68   cdrcmple.o
       334          0          0          0          0        148   dadd.o
       222          0          0          0          0        100   ddiv.o
       190          0          0          0          0        176   depilogue.o
        48          0          0          0          0         68   dfixul.o
       228          0          0          0          0         96   dmul.o
        38          0          0          0          0         68   f2d.o

    ----------------------------------------------------------------------
      3800        108          0          4          0       1720   Library Totals
         4          0          0          0          0          0   (incl. Padding)

    ----------------------------------------------------------------------

      Code (inc. data)   RO Data    RW Data    ZI Data      Debug   Library Name

      2696        106          0          4          0        996   mc_w.l
      1100          2          0          0          0        724   mf_w.l

    ----------------------------------------------------------------------
      3800        108          0          4          0       1720   Library Totals

    ----------------------------------------------------------------------

==============================================================================


      Code (inc. data)   RO Data    RW Data    ZI Data      Debug   

     17480       1756        364        592       3336     362968   Grand Totals
     17480       1756        364        324       3336     362968   ELF Image Totals (compressed)
     17480       1756        364        324          0          0   ROM Totals

==============================================================================

    Total RO  Size (Code + RO Data)                17844 (  17.43kB)
    Total RW  Size (RW Data + ZI Data)              3928 (   3.84kB)
    Total ROM Size (Code + RO Data + RW Data)      18168 (  17.74kB)

==============================================================================

